graph n=36636 m=26529408
initial 250
best 252 it 3 t=0.0
best 254 it 9 t=0.0
best 256 it 11 t=0.0
best 258 it 12 t=0.0
best 264 it 13 t=0.0
best 267 it 16 t=0.0
best 273 it 20 t=0.0
best 274 it 23 t=0.0
best 275 it 25 t=0.0
best 278 it 26 t=0.0
best 280 it 27 t=0.0
best 282 it 30 t=0.0
best 284 it 33 t=0.0
best 301 it 36 t=0.0
best 304 it 37 t=0.0
best 306 it 40 t=0.0
best 316 it 43 t=0.0
best 334 it 45 t=0.0
best 337 it 46 t=0.0
best 343 it 47 t=0.0
best 358 it 49 t=0.0
best 359 it 52 t=0.0
best 393 it 53 t=0.0
best 398 it 59 t=0.0
best 433 it 65 t=0.0
best 434 it 70 t=0.0
best 449 it 72 t=0.0
best 525 it 74 t=0.0
best 526 it 82 t=0.0
best 531 it 86 t=0.0
best 532 it 94 t=0.0
best 533 it 132 t=0.0
best 535 it 135 t=0.0
best 536 it 154 t=0.0
best 538 it 170 t=0.0
best 540 it 174 t=0.0
best 545 it 200 t=0.0
best 546 it 236 t=0.0
best 548 it 268 t=0.0
best 549 it 277 t=0.0
best 550 it 303 t=0.0
best 551 it 477 t=0.1
best 554 it 498 t=0.1
best 556 it 529 t=0.1
best 560 it 594 t=0.1
best 562 it 612 t=0.1
best 566 it 683 t=0.1
best 572 it 719 t=0.1
best 579 it 722 t=0.1
best 597 it 724 t=0.1
best 599 it 734 t=0.1
best 604 it 750 t=0.1
it 200000 cur 599 best 604 t=15
it 400000 cur 599 best 604 t=30
it 600000 cur 597 best 604 t=45
it 800000 cur 599 best 604 t=59
it 1000000 cur 599 best 604 t=73
it 1200000 cur 599 best 604 t=88
it 1400000 cur 599 best 604 t=103
it 1600000 cur 599 best 604 t=118
it 1800000 cur 599 best 604 t=134
it 2000000 cur 599 best 604 t=150
it 2200000 cur 601 best 604 t=165
it 2400000 cur 599 best 604 t=181
it 2600000 cur 599 best 604 t=196
it 2800000 cur 599 best 604 t=211
it 3000000 cur 596 best 604 t=228
it 3200000 cur 604 best 604 t=243
it 3400000 cur 593 best 604 t=259
it 3600000 cur 599 best 604 t=275
it 3800000 cur 599 best 604 t=289
it 4000000 cur 600 best 604 t=305
it 4200000 cur 599 best 604 t=320
it 4400000 cur 599 best 604 t=335
it 4600000 cur 599 best 604 t=351
it 4800000 cur 588 best 604 t=366
it 5000000 cur 595 best 604 t=381
it 5200000 cur 599 best 604 t=397
it 5400000 cur 599 best 604 t=412
it 5600000 cur 599 best 604 t=427
it 5800000 cur 599 best 604 t=442
it 6000000 cur 604 best 604 t=457
it 6200000 cur 604 best 604 t=471
it 6400000 cur 599 best 604 t=487
it 6600000 cur 599 best 604 t=502
it 6800000 cur 599 best 604 t=516
it 7000000 cur 599 best 604 t=531
it 7200000 cur 604 best 604 t=547
it 7400000 cur 599 best 604 t=562
it 7600000 cur 599 best 604 t=577
it 7800000 cur 599 best 604 t=591
it 8000000 cur 599 best 604 t=607
it 8200000 cur 599 best 604 t=621
it 8400000 cur 599 best 604 t=637
it 8600000 cur 599 best 604 t=652
it 8800000 cur 599 best 604 t=668
it 9000000 cur 597 best 604 t=683
it 9200000 cur 599 best 604 t=698
it 9400000 cur 599 best 604 t=713
it 9600000 cur 604 best 604 t=728
it 9800000 cur 599 best 604 t=742
it 10000000 cur 599 best 604 t=758
it 10200000 cur 599 best 604 t=773
it 10400000 cur 597 best 604 t=788
it 10600000 cur 599 best 604 t=804
it 10800000 cur 599 best 604 t=819
it 11000000 cur 599 best 604 t=836
it 11200000 cur 599 best 604 t=852
it 11400000 cur 604 best 604 t=868
it 11600000 cur 599 best 604 t=884
it 11800000 cur 596 best 604 t=899
final best 604
