604 1792 r45-r45-r45-r45-f  best 604
220 0 r45-r45-r60-r30-f2  best 604
220 0 qLico-id4-r30-id1  best 604
220 0 f2-rat3-r45x1-id1-id1  best 604
220 0 qLh-id4-id1-id1-id1  best 604
220 0 id2-r60-id2-id2-rat2-id1  best 604
348 256 qL1i-qL1i-id1-id1-id1  best 604
220 0 r30-r30-rat2-rat2-r60-id1  best 604
220 0 r45x1-f2-id4-id1  best 604
220 0 ico3-ico3-r45x1-id1-id1  best 604
220 0 f2-id3-qL1i-id1  best 604
220 0 qLh-id4-rat2-id1  best 604
220 0 r45x1-ico3-id4-id1  best 604
220 0 f2-rat3-qLico-id1  best 604
220 0 ico3-r45x1-ico3-id1-id1  best 604
348 256 r45x2-qL1i-id2-id1  best 604
220 0 f-ico3-f2-id1-id1  best 604
220 0 H4-id4-f2  best 604
220 0 r60-rat2-r30-r45-id3  best 604
220 0 r60-r30-qL1i-f  best 604
348 384 r45x2-f-r45-r60  best 604
220 0 r30-r30-r45-r45-r45-id1  best 604
220 0 r45-r45-r60-r60-rat3  best 604
220 0 r30-rat2-r45x2-f  best 604
220 0 id4-f-r30-r30  best 604
220 0 r45-r60-rat2-r45-ico3  best 604
220 0 id2-r45-r60-id2-rat2-id1  best 604
220 0 qLh-id4-r30-id1  best 604
220 0 f-f2-f2-r60  best 604
220 0 H4-qLh-rat3  best 604
220 0 id4-qLh-id1-id1-id1  best 604
220 0 r60-r60-rat2-id2-r45-id1  best 604
220 0 r60-r45-r30-r30-rat3  best 604
412 768 qLh-r45x2-rat3  best 604
220 0 r45x2-H4-id1-id1-id1  best 604
220 0 qLico-H4-id3  best 604
220 0 id3-id3-f2-r60  best 604
220 0 r45x2-qLh-r60-id1  best 604
220 0 r45-id2-qLh-rat3  best 604
220 0 id4-r45x2-f  best 604
220 0 f-f-f-r30  best 604
220 0 f-rat3-f-rat2  best 604
220 0 f2-rat3-f2-id2  best 604
220 0 id4-f-rat2-rat2  best 604
220 0 id2-rat2-rat2-r30-f  best 604
220 0 ico3-f-id4-id1  best 604
220 0 ico3-ico3-f2-id1-id1  best 604
220 0 id2-r45-r45-r60-rat3  best 604
220 0 id2-r45-id2-id2-r45x1  best 604
220 0 id3-id3-f-r45  best 604
220 0 H4-qLico-r60-id1  best 604
220 0 r45x1-rat3-f-rat2  best 604
220 0 id2-id2-r30-r60-id2-id1  best 604
220 0 H4-H4-r45-id1  best 604
476 1280 qL1i-f2-r45-r45  best 604
220 0 f2-r45x1-f-id1-id1  best 604
220 0 id2-r30-r60-r60-id2-id1  best 604
220 0 qLh-f2-r60-id2  best 604
220 0 rat3-r45x1-id3-r60  best 604
220 0 qLh-r45x2-id1-id1-id1  best 604
220 0 r30-rat2-r30-id2-r45-id1  best 604
220 0 r30-r60-id2-r30-f2  best 604
220 0 id2-r30-rat2-r60-r45-id1  best 604
220 0 qLh-H4-id1-id1-id1  best 604
220 0 r30-id2-r45x2-rat3  best 604
220 0 qLico-id3-r30-id2  best 604
220 0 f2-f-id4-id1  best 604
220 0 id2-rat2-H4-r45x1  best 604
220 0 qLh-qLico-id2-id1  best 604
220 0 rat2-r60-r45-r30-rat2-id1  best 604
348 256 r45x2-r45x1-r45-r60  best 604
220 0 id3-f2-qLh-id1  best 604
220 0 id3-r45x1-rat3-id1-id1  best 604
220 0 qL1i-qLico-id1-id1-id1  best 604
220 0 rat2-id2-id2-r60-id3  best 604
220 0 rat3-r45x1-f2-id1-id1  best 604
220 0 r45-id2-rat2-r45-rat2-id1  best 604
220 0 id2-r60-rat2-id2-r45-id1  best 604
220 0 ico3-rat3-r45x1-id1-id1  best 604
220 0 r30-id2-id2-id2-f2  best 604
220 0 qL1i-H4-r60-id1  best 604
220 0 r60-r45-rat2-id2-id3  best 604
220 0 rat3-f2-qLico-id1  best 604
220 0 id2-rat2-r45x2-ico3  best 604
220 0 qLico-qLico-ico3  best 604
220 0 r60-id2-rat2-r45-rat2-id1  best 604
220 0 id4-id3-r30-rat2  best 604
220 0 qLico-H4-rat3  best 604
220 0 id3-rat3-id4-id1  best 604
220 0 r45-r45-id2-r60-rat3  best 604
220 0 r60-r45-r60-id2-r60-id1  best 604
220 0 r45x1-ico3-qLh-id1  best 604
220 0 r45-r30-qLh-rat3  best 604
220 0 r30-r60-r30-r30-r30-id1  best 604
220 0 r45x2-qLh-id1-id1-id1  best 604
220 0 id3-id3-f2-id1-id1  best 604
220 0 id4-id4-r45-id1  best 604
220 0 qLh-qLh-r30-id1  best 604
220 0 id2-id2-r45-r30-r60-id1  best 604
220 0 r45-r45-qLico-rat3  best 604
220 0 r45-id2-r45-rat2-r60-id1  best 604
220 0 r45x1-id3-ico3-id1-id1  best 604
220 0 r60-r30-id2-r45-r30-id1  best 604
220 0 r60-r30-id2-r60-r60-id1  best 604
220 0 r30-r30-r30-rat2-r45-id1  best 604
220 0 rat2-r45-r30-r30-r45-id1  best 604
220 0 ico3-rat3-qLico-id1  best 604
220 0 rat2-id2-r30-r45-id2-id1  best 604
220 0 id3-ico3-id4-id1  best 604
220 0 rat3-r45x1-qLh-id1  best 604
220 0 r45-id2-rat2-r30-f  best 604
220 0 qL1i-H4-id1-id1-id1  best 604
220 0 r60-r45-r60-r30-rat3  best 604
220 0 r30-id2-r45-r60-f2  best 604
348 384 f-r45x1-qL1i-id1  best 604
220 0 rat3-id3-H4-id1  best 604
220 0 id4-H4-id1-id1-id1  best 604
220 0 qLico-r45x2-id1-id1-id1  best 604
220 0 f-rat3-id4-id1  best 604
412 576 f-r45x1-rat3-r45  best 604
220 0 rat3-f2-r45x1-id1-id1  best 604
220 0 id4-r45x2-id1-id1-id1  best 604
220 0 rat3-r45x1-rat3-r60  best 604
220 0 id2-r30-id2-r30-id2-id1  best 604
220 0 H4-id4-r45-id1  best 604
220 0 qLico-id4-id2-id1  best 604
220 0 r45x1-f2-rat3-rat2  best 604
220 0 H4-id4-id3  best 604
220 0 rat3-rat3-r45x1-rat2  best 604
220 0 r30-r45-r60-id2-id3  best 604
220 0 r30-r30-rat2-r60-f  best 604
220 0 f-rat3-f2-rat2  best 604
220 0 r45-id2-r45x2-ico3  best 604
220 0 rat3-ico3-f2-r60  best 604
220 0 ico3-f2-H4-id1  best 604
220 0 r30-id2-r60-r60-id3  best 604
220 0 id4-id3-r30-id2  best 604
220 0 r30-id2-qLh-ico3  best 604
220 0 qLh-id3-r60-rat2  best 604
220 0 id3-r45x1-r45x1-r30  best 604
220 0 id3-ico3-qLico-id1  best 604
220 0 r60-rat2-r45x2-r45x1  best 604
220 0 id3-f2-f2-rat2  best 604
220 0 r60-r30-id4-ico3  best 604
220 0 H4-H4-rat3  best 604
220 0 r45-r60-rat2-r60-r60-id1  best 604
220 0 qLh-qLh-f2  best 604
220 0 r60-rat2-rat2-r30-rat3  best 604
220 0 r30-rat2-qLh-f2  best 604
220 0 r45x2-id4-r45x1  best 604
220 0 r45x2-H4-id2-id1  best 604
220 0 rat3-id3-ico3-r30  best 604
220 0 id3-f2-ico3-rat2  best 604
220 0 f2-r45x1-id3-id1-id1  best 604
220 0 id3-f-ico3-r30  best 604
220 0 rat2-id2-qLh-f  best 604
220 0 r45x1-r45x1-qLh-id1  best 604
348 256 qL1i-qL1i-r30-id1  best 604
220 0 qLh-rat3-rat2-r60  best 604
220 0 qLico-id4-ico3  best 604
220 0 H4-H4-id2-id1  best 604
220 0 r30-r30-qLico-rat3  best 604
220 0 H4-id4-id1-id1-id1  best 604
220 0 r60-rat2-r60-id2-f  best 604
220 0 qLico-qLico-id1-id1-id1  best 604
220 0 id4-id4-r30-id1  best 604
220 0 r60-id2-r45-r60-f2  best 604
220 0 qL1i-rat3-r30-rat2  best 604
220 0 r45-rat2-r60-r30-ico3  best 604
220 0 r45-r30-rat2-r30-r45x1  best 604
348 256 qL1i-qL1i-id3  best 604
220 0 f-f-f2-id2  best 604
220 0 id4-qLico-id3  best 604
220 0 f-id3-id3-rat2  best 604
220 0 qLh-rat3-r30-id2  best 604
220 0 id2-r60-H4-id3  best 604
220 0 rat2-id2-qLh-id3  best 604
220 0 rat3-r45x1-id4-id1  best 604
220 0 r30-r45-r60-r30-r30-id1  best 604
220 0 f2-ico3-r45x1-id1-id1  best 604
220 0 r45x1-r45x1-ico3-r30  best 604
220 0 r45-id2-rat2-r45-id2-id1  best 604
220 0 rat2-id2-rat2-r60-f2  best 604
220 0 qL1i-qLh-id2-id1  best 604
220 0 qLico-qLh-r45-id1  best 604
220 0 H4-r45x1-rat2-id2  best 604
220 0 id3-r45x1-f-id1-id1  best 604
220 0 f2-f2-f2-id1-id1  best 604
220 0 r30-r30-r45x2-f2  best 604
220 0 id2-id2-qLh-f2  best 604
220 0 id2-r60-qLico-id3  best 604
220 0 qLico-f2-r60-r60  best 604
220 0 id2-rat2-r45-r30-r45x1  best 604
220 0 H4-H4-ico3  best 604
220 0 rat2-r60-id2-r30-r60-id1  best 604
220 0 id4-H4-ico3  best 604
220 0 r60-id2-r30-r45-f  best 604
220 0 id2-id2-rat2-r45-id2-id1  best 604
220 0 f2-id3-ico3-r30  best 604
220 0 r60-id2-rat2-rat2-id2-id1  best 604
220 0 H4-id4-r30-id1  best 604
220 0 ico3-ico3-rat3-r30  best 604
348 256 r45x2-r45x2-id1-id1-id1  best 604
220 0 r45x1-ico3-id3-r30  best 604
220 0 r30-rat2-qL1i-r45x1  best 604
220 0 f-f2-rat3-id1-id1  best 604
220 0 rat2-r45-id2-r30-f2  best 604
220 0 r60-id2-id4-f  best 604
220 0 r60-r45-r60-r45-id3  best 604
220 0 id2-id2-r45-r45-id2-id1  best 604
220 0 id2-r45-qLico-rat3  best 604
220 0 id3-f-id4-id1  best 604
220 0 H4-id4-rat2-id1  best 604
412 768 qLh-qL1i-rat3  best 604
220 0 ico3-r45x1-rat3-id1-id1  best 604
412 576 f-rat3-qL1i-id1  best 604
476 1280 r45x2-r45x2-r45-id1  best 604
220 0 r30-r45-qLico-f  best 604
220 0 H4-qLico-r45-id1  best 604
220 0 r30-id2-r30-r60-rat2-id1  best 604
220 0 r60-r30-r45-rat2-f  best 604
220 0 id2-id2-r45x2-ico3  best 604
220 0 f2-ico3-qLico-id1  best 604
412 768 r45-r45-H4-rat3  best 604
220 0 r30-r60-rat2-rat2-r30-id1  best 604
220 0 id3-f2-f2-r30  best 604
220 0 r45-r30-id2-r30-id2-id1  best 604
220 0 id2-id2-rat2-r60-r30-id1  best 604
220 0 r30-id2-r30-id2-f2  best 604
220 0 f2-ico3-id3-rat2  best 604
220 0 rat3-rat3-f2-id1-id1  best 604
220 0 rat2-r30-qL1i-f2  best 604
220 0 f2-r45x1-qLh-id1  best 604
220 0 r30-r45-r60-r45-id2-id1  best 604
220 0 f-f2-ico3-id1-id1  best 604
220 0 id2-r30-r45-r30-r30-id1  best 604
220 0 id2-r30-H4-f2  best 604
220 0 qLh-qLh-r45-id1  best 604
348 512 H4-f2-r45-r45  best 604
220 0 r45x1-f-rat3-id2  best 604
220 0 r30-r30-r60-r60-r60-id1  best 604
220 0 qLico-r45x1-r30-id2  best 604
220 0 id4-qLh-rat2-id1  best 604
220 0 f2-ico3-id3-id1-id1  best 604
220 0 qLh-id4-id2-id1  best 604
220 0 r45-r30-r30-id2-r30-id1  best 604
220 0 qLh-qL1i-id1-id1-id1  best 604
220 0 rat2-r45-r45x2-ico3  best 604
220 0 r30-rat2-H4-r45x1  best 604
220 0 H4-qLh-id1-id1-id1  best 604
220 0 qL1i-rat3-rat2-r30  best 604
220 0 qLico-id4-id1-id1-id1  best 604
220 0 rat2-id2-rat2-r45-f  best 604
220 0 rat3-id3-qLico-id1  best 604
220 0 id2-r60-r30-id2-f  best 604
220 0 ico3-ico3-f2-id2  best 604
220 0 r45x2-id4-r60-id1  best 604
220 0 r45-id2-r30-r30-id2-id1  best 604
220 0 id2-r60-H4-f2  best 604
220 0 r45-id2-H4-id3  best 604
220 0 rat3-f-f-id1-id1  best 604
220 0 id3-r45x1-r45x1-id1-id1  best 604
220 0 r45-r30-r45-rat2-id3  best 604
220 0 r30-r45-r60-r60-f  best 604
220 0 rat2-r45-r60-r60-f  best 604
220 0 r45x2-f2-r30-id2  best 604
220 0 r30-r30-r30-rat2-f2  best 604
220 0 id4-f-rat2-r60  best 604
220 0 qL1i-id4-rat3  best 604
220 0 r30-r30-r30-rat2-f  best 604
348 256 r45-rat2-qL1i-f2  best 604
220 0 ico3-ico3-f2-r45  best 604
220 0 f2-rat3-id3-r30  best 604
220 0 qLico-qLh-f2  best 604
220 0 r30-r30-qLh-ico3  best 604
220 0 r45-r30-rat2-r60-f2  best 604
220 0 r60-rat2-r60-r45-r60-id1  best 604
220 0 id3-f2-qL1i-id1  best 604
220 0 id4-qL1i-f2  best 604
220 0 rat3-id3-f2-id1-id1  best 604
220 0 f-id3-qL1i-id1  best 604
220 0 r30-id2-r30-id2-ico3  best 604
348 256 r45x2-qL1i-id1-id1-id1  best 604
220 0 r60-r60-id2-r30-r30-id1  best 604
220 0 ico3-f-r45x2-id1  best 604
220 0 r45-r30-r60-r45-r45x1  best 604
220 0 r45-id2-r45-id2-id3  best 604
220 0 r45x1-f2-id3-id1-id1  best 604
348 384 r45-r30-qL1i-f  best 604
220 0 id4-id4-r60-id1  best 604
220 0 rat2-r60-qL1i-f2  best 604
220 0 f-rat3-f2-id1-id1  best 604
348 512 r45x2-qLh-r45x1  best 604
220 0 rat2-r45-r30-r60-f2  best 604
348 256 qL1i-r45x2-ico3  best 604
604 1792 qL1i-qL1i-f  best 604
220 0 qLico-r45x1-r45-r60  best 604
220 0 id3-rat3-ico3-id1-id1  best 604
220 0 rat3-rat3-r45x1-id1-id1  best 604
220 0 r45x1-f2-qLico-id1  best 604
220 0 f-r45x1-qLh-id1  best 604
220 0 qLh-qLico-ico3  best 604
220 0 qL1i-f2-r30-r30  best 604
220 0 H4-qLico-id3  best 604
220 0 id2-id2-id4-f2  best 604
220 0 r30-r45-r45-r30-f  best 604
220 0 id4-qL1i-r30-id1  best 604
220 0 r45-id2-rat2-rat2-r30-id1  best 604
220 0 qLico-rat3-r45-r30  best 604
220 0 H4-qL1i-r30-id1  best 604
220 0 H4-r45x1-id2-rat2  best 604
220 0 rat2-r30-qLico-id3  best 604
220 0 rat2-r45-id4-rat3  best 604
220 0 r60-r45-rat2-rat2-ico3  best 604
220 0 qLico-id3-rat2-rat2  best 604
348 384 r45-rat2-qL1i-rat3  best 604
220 0 ico3-f2-ico3-id1-id1  best 604
220 0 f-rat3-ico3-id1-id1  best 604
220 0 r45x1-id3-qL1i-id1  best 604
220 0 id4-qL1i-id1-id1-id1  best 604
220 0 id2-r60-id2-r30-r60-id1  best 604
220 0 f-f2-id3-id1-id1  best 604
220 0 qLh-id3-id2-rat2  best 604
220 0 qLh-H4-r60-id1  best 604
220 0 r30-rat2-r60-r30-rat3  best 604
220 0 id4-qLico-ico3  best 604
220 0 r45-r45-r60-r60-r30-id1  best 604
220 0 qLico-qLh-rat2-id1  best 604
220 0 id4-qLico-rat2-id1  best 604
220 0 qLh-f-id2-r45  best 604
220 0 f-f2-r45x1-id1-id1  best 604
220 0 ico3-r45x1-f-id1-id1  best 604
348 384 r45x2-rat3-rat2-r45  best 604
220 0 r30-r60-r45-r60-f  best 604
220 0 r60-r30-r60-r45-rat3  best 604
220 0 r30-r30-r60-r60-id3  best 604
220 0 f2-f2-ico3-id2  best 604
220 0 r45x2-f-id2-r60  best 604
220 0 r60-r30-qLh-f  best 604
220 0 qLh-ico3-r45-r30  best 604
220 0 rat3-f2-id4-id1  best 604
220 0 qLh-f2-r60-rat2  best 604
220 0 r45x1-r45x1-rat3-id2  best 604
348 256 qL1i-r45x2-id2-id1  best 604
220 0 r60-rat2-r60-r60-ico3  best 604
220 0 id3-f2-r45x1-r45  best 604
412 768 H4-qL1i-rat3  best 604
220 0 r60-rat2-r30-r30-r45-id1  best 604
220 0 rat3-f-ico3-rat2  best 604
348 256 r45x1-r45x1-r45x2-id1  best 604
220 0 id4-r45x1-r30-r30  best 604
220 0 ico3-id3-r45x1-id1-id1  best 604
220 0 r60-r60-r45x2-r45x1  best 604
220 0 r30-r60-rat2-rat2-rat3  best 604
220 0 id3-r45x1-ico3-id1-id1  best 604
220 0 r60-rat2-id4-rat3  best 604
220 0 f-f-f2-id1-id1  best 604
220 0 qL1i-id3-rat2-r60  best 604
220 0 qLico-rat3-rat2-r45  best 604
220 0 r30-r45-qLh-rat3  best 604
220 0 r30-r45-r60-r45-r45-id1  best 604
220 0 H4-f2-r45-r30  best 604
220 0 qL1i-r45x1-rat2-r30  best 604
348 256 f2-f2-qL1i-id1  best 604
220 0 rat2-r45-qLico-f2  best 604
220 0 rat3-ico3-f2-id2  best 604
220 0 r60-r30-id2-rat2-r60-id1  best 604
220 0 rat2-rat2-r30-r60-id3  best 604
220 0 rat3-rat3-rat3-id2  best 604
220 0 qLico-rat3-r60-r45  best 604
220 0 id4-f2-id2-r30  best 604
220 0 qLico-id4-rat2-id1  best 604
220 0 rat2-id2-id4-ico3  best 604
220 0 id2-id2-id2-r45-f  best 604
220 0 r30-r60-qLh-ico3  best 604
220 0 ico3-id3-ico3-id1-id1  best 604
220 0 r45x2-f2-r30-rat2  best 604
220 0 H4-H4-r45x1  best 604
220 0 qLh-id4-r45x1  best 604
220 0 r60-id2-qL1i-f  best 604
220 0 id2-id2-rat2-r30-rat3  best 604
220 0 qLico-qL1i-id1-id1-id1  best 604
412 576 rat3-f2-rat3-r45  best 604
220 0 r45-r30-r60-r45-rat2-id1  best 604
220 0 r45-rat2-r60-r30-r30-id1  best 604
220 0 f2-r45x1-f-rat2  best 604
220 0 qLh-qLico-id1-id1-id1  best 604
220 0 rat3-f-ico3-id1-id1  best 604
220 0 f-r45x1-f-id1-id1  best 604
220 0 rat2-id2-r45-r30-id2-id1  best 604
220 0 f2-id3-id3-id1-id1  best 604
220 0 id2-id2-r60-rat2-r45x1  best 604
220 0 r45x1-ico3-qL1i-id1  best 604
220 0 r45x1-ico3-f-id1-id1  best 604
348 384 r45x2-f-r60-r45  best 604
220 0 H4-qL1i-rat2-id1  best 604
220 0 r60-r30-r45-r60-rat2-id1  best 604
220 0 r60-rat2-r30-r45-r45x1  best 604
220 0 r45-r60-id2-id2-r30-id1  best 604
220 0 r45x1-f2-ico3-r60  best 604
220 0 rat2-rat2-qLh-ico3  best 604
220 0 qLico-qLico-rat3  best 604
220 0 id3-f-r45x2-id1  best 604
220 0 r60-r60-id2-rat2-r45-id1  best 604
220 0 ico3-f2-id3-id1-id1  best 604
220 0 qLico-qL1i-r45-id1  best 604
220 0 id2-id2-r45x2-f  best 604
220 0 r45x2-qLico-id1-id1-id1  best 604
220 0 id2-r45-r60-id2-r60-id1  best 604
476 1280 r45x2-r45x2-r45x1  best 604
220 0 r30-r45-qLh-id3  best 604
220 0 id4-qLh-r45-id1  best 604
220 0 r30-r30-r45-r30-r45x1  best 604
412 576 f-rat3-r45x2-id1  best 604
220 0 id2-r45-qL1i-ico3  best 604
220 0 id4-H4-r45-id1  best 604
220 0 qLico-qLh-id1-id1-id1  best 604
220 0 f2-ico3-rat3-id1-id1  best 604
220 0 r60-id2-r45-rat2-id3  best 604
220 0 r45x1-f-f2-id2  best 604
220 0 rat2-id2-r60-r30-r45x1  best 604
220 0 rat2-r60-rat2-r60-r60-id1  best 604
220 0 rat2-rat2-id2-rat2-r60-id1  best 604
348 256 r45x2-qL1i-ico3  best 604
220 0 r45x1-ico3-id3-id1-id1  best 604
220 0 ico3-f2-r45x1-id1-id1  best 604
220 0 id3-f2-id3-id1-id1  best 604
220 0 r45-rat2-id2-r30-ico3  best 604
220 0 r45x1-id3-ico3-id2  best 604
220 0 r60-id2-r60-r45-rat2-id1  best 604
220 0 f2-id3-id4-id1  best 604
220 0 qLh-id4-rat3  best 604
220 0 id4-r45x1-r30-rat2  best 604
220 0 qLico-f-id2-id2  best 604
220 0 r45-r60-r60-id2-id2-id1  best 604
220 0 rat2-r45-r45x2-id3  best 604
220 0 id3-r45x1-qL1i-id1  best 604
220 0 qLh-id3-rat2-r45  best 604
220 0 H4-qLh-ico3  best 604
220 0 qLico-ico3-rat2-r30  best 604
220 0 id2-r45-id2-rat2-rat3  best 604
220 0 id3-f2-f-id1-id1  best 604
220 0 f-r45x1-id3-r45  best 604
220 0 rat2-rat2-qLh-r45x1  best 604
220 0 qLico-rat3-r30-r60  best 604
220 0 qLh-f-id2-id2  best 604
220 0 r45x1-id3-ico3-rat2  best 604
220 0 id2-rat2-id4-rat3  best 604
220 0 rat2-r45-r60-rat2-r45-id1  best 604
220 0 rat2-r30-qLh-ico3  best 604
220 0 f-f-id4-id1  best 604
220 0 id2-rat2-r60-r60-id3  best 604
220 0 rat3-ico3-r45x1-r30  best 604
220 0 f2-r45x1-f2-r60  best 604
220 0 r45x2-id4-id1-id1-id1  best 604
220 0 r60-id2-r60-id2-r60-id1  best 604
220 0 f2-id3-r45x1-r30  best 604
220 0 qLh-r45x2-r60-id1  best 604
348 384 r45x1-rat3-r45x2-id1  best 604
220 0 r45-rat2-r30-r45-f  best 604
220 0 r30-r30-rat2-r45-ico3  best 604
220 0 qLico-H4-id1-id1-id1  best 604
220 0 r45x2-ico3-r30-rat2  best 604
220 0 H4-rat3-r60-r30  best 604
220 0 qLh-qLh-id2-id1  best 604
220 0 id2-id2-qLico-rat3  best 604
220 0 r45x2-r45x1-r30-r30  best 604
220 0 id4-qLh-r45x1  best 604
348 384 rat3-f2-qL1i-id1  best 604
220 0 r45-r60-r45-rat2-r60-id1  best 604
220 0 ico3-rat3-f-r60  best 604
220 0 id3-id3-id4-id1  best 604
220 0 id2-r30-H4-f  best 604
220 0 r45x1-r45x1-f-r60  best 604
220 0 r45-rat2-r45x2-ico3  best 604
220 0 qLico-rat3-rat2-rat2  best 604
220 0 id4-qLh-rat3  best 604
220 0 r30-rat2-r60-id2-rat2-id1  best 604
220 0 r45-r60-qLh-id3  best 604
220 0 rat3-r45x1-ico3-r30  best 604
220 0 r45x1-f2-id3-r60  best 604
220 0 qLico-r45x2-r45x1  best 604
220 0 H4-qLh-r60-id1  best 604
220 0 r45x2-H4-r60-id1  best 604
220 0 r45x1-f-id3-id1-id1  best 604
220 0 id4-qLh-ico3  best 604
220 0 H4-qLico-id1-id1-id1  best 604
220 0 id4-r45x2-id3  best 604
220 0 id2-id2-id4-ico3  best 604
220 0 H4-r45x2-id1-id1-id1  best 604
220 0 f-r45x1-rat3-id1-id1  best 604
220 0 id3-f-qLico-id1  best 604
220 0 r60-rat2-r60-rat2-rat3  best 604
220 0 r45-id2-r60-r45-r60-id1  best 604
220 0 rat3-rat3-f-id1-id1  best 604
220 0 r60-rat2-qLico-ico3  best 604
220 0 qLico-id3-id2-r30  best 604
220 0 f2-rat3-ico3-id1-id1  best 604
220 0 f2-id3-ico3-rat2  best 604
220 0 id3-r45x1-id3-id2  best 604
220 0 ico3-ico3-id3-id1-id1  best 604
220 0 f2-r45x1-qLico-id1  best 604
348 512 qL1i-qLh-r45-id1  best 604
220 0 id2-r30-r60-id2-r45x1  best 604
220 0 ico3-f-rat3-r30  best 604
220 0 f2-rat3-ico3-r45  best 604
220 0 qL1i-id4-id1-id1-id1  best 604
220 0 r60-rat2-rat2-r45-r60-id1  best 604
220 0 id4-rat3-r30-r30  best 604
220 0 qL1i-qLh-r60-id1  best 604
220 0 r45x1-ico3-rat3-id2  best 604
220 0 id2-id2-id2-r30-r45-id1  best 604
220 0 id2-id2-H4-r45x1  best 604
348 384 qL1i-rat3-r45-id2  best 604
220 0 r60-r60-id2-r45-r45x1  best 604
220 0 rat3-rat3-qLico-id1  best 604
220 0 rat3-r45x1-qLico-id1  best 604
220 0 f2-rat3-id3-r60  best 604
220 0 r45x1-r45x1-id3-id1-id1  best 604
220 0 r45-r30-r45x2-ico3  best 604
220 0 rat2-id2-id2-r60-f2  best 604
220 0 r30-r60-id2-rat2-rat2-id1  best 604
220 0 r30-id2-id2-r30-r45-id1  best 604
220 0 qLico-qL1i-id2-id1  best 604
220 0 qLico-ico3-r30-rat2  best 604
220 0 qL1i-qLico-id3  best 604
220 0 ico3-f2-ico3-rat2  best 604
220 0 r45x2-id3-rat2-r60  best 604
220 0 rat3-f2-H4-id1  best 604
220 0 rat2-r45-r45-r30-r60-id1  best 604
220 0 r45x2-qLh-ico3  best 604
220 0 rat2-r45-id2-r30-r45x1  best 604
220 0 qLico-qLh-id3  best 604
220 0 id2-id2-r30-id2-r60-id1  best 604
220 0 qLh-qLh-f  best 604
220 0 id2-r60-r30-r45-f  best 604
220 0 qL1i-id4-rat2-id1  best 604
220 0 id2-r60-qL1i-id3  best 604
220 0 H4-r45x2-rat2-id1  best 604
220 0 id2-id2-id2-r60-id2-id1  best 604
220 0 f-ico3-f2-rat2  best 604
220 0 r60-id2-id2-id2-f2  best 604
220 0 f-ico3-qLico-id1  best 604
220 0 r45-r30-id2-rat2-r60-id1  best 604
220 0 rat2-r60-r45-r30-ico3  best 604
220 0 qL1i-H4-ico3  best 604
220 0 qLico-qLh-ico3  best 604
412 576 r45x1-f-rat3-r45  best 604
220 0 id2-r30-id2-rat2-ico3  best 604
220 0 qLh-f2-r45-r30  best 604
220 0 qLico-f-r60-r60  best 604
220 0 f2-f-H4-id1  best 604
476 1280 r45x2-qL1i-r45x1  best 604
220 0 id3-r45x1-H4-id1  best 604
220 0 r45-id2-r45-r60-id3  best 604
220 0 ico3-rat3-qLh-id1  best 604
220 0 f2-f2-rat3-rat2  best 604
220 0 id3-f-rat3-id1-id1  best 604
220 0 id4-id4-id1-id1-id1  best 604
220 0 id3-id3-f-id1-id1  best 604
220 0 f-id3-rat3-id1-id1  best 604
348 384 rat3-r45x1-r45x1-r45  best 604
220 0 id4-f-r30-r60  best 604
220 0 qLico-r45x2-ico3  best 604
220 0 r30-r30-H4-f  best 604
220 0 id2-rat2-qLh-rat3  best 604
220 0 f2-f2-f-id1-id1  best 604
220 0 r60-r60-r60-r45-id2-id1  best 604
220 0 r60-r45-qLico-r45x1  best 604
220 0 r45x1-ico3-H4-id1  best 604
220 0 r45-id2-r45-r60-rat2-id1  best 604
220 0 id4-f2-id2-r45  best 604
220 0 r30-id2-rat2-rat2-rat3  best 604
220 0 r60-r60-id4-id3  best 604
220 0 rat2-r45-r60-r30-r30-id1  best 604
220 0 r30-r45-id2-rat2-r45-id1  best 604
220 0 r45x1-r45x1-ico3-id1-id1  best 604
220 0 H4-qLico-f  best 604
220 0 r60-r30-H4-f  best 604
220 0 r45-r30-r30-id2-f  best 604
220 0 id4-rat3-id2-rat2  best 604
348 384 r45x1-r45x1-f-r45  best 604
220 0 qL1i-qLh-id1-id1-id1  best 604
220 0 r45x2-qLico-r60-id1  best 604
220 0 r45-r30-H4-r45x1  best 604
220 0 f-ico3-r45x1-r60  best 604
220 0 rat2-r30-r30-r45-r45x1  best 604
220 0 ico3-id3-qL1i-id1  best 604
348 256 r60-r45-qL1i-f2  best 604
220 0 qLh-H4-id2-id1  best 604
348 512 qL1i-H4-r45x1  best 604
220 0 qLh-ico3-r30-r45  best 604
220 0 qLico-r45x2-id3  best 604
220 0 ico3-f2-qLh-id1  best 604
412 576 rat3-f-r45x2-id1  best 604
220 0 id2-r60-r45x2-f  best 604
220 0 id3-r45x1-f2-rat2  best 604
220 0 r45x1-r45x1-f-id1-id1  best 604
220 0 r60-rat2-r60-r30-id2-id1  best 604
220 0 r45x2-id4-r45-id1  best 604
220 0 f-f2-f-r60  best 604
220 0 r45x2-f-rat2-r30  best 604
220 0 ico3-f-f-id2  best 604
220 0 r30-rat2-H4-ico3  best 604
220 0 id2-rat2-id2-r30-f2  best 604
220 0 r30-id2-r60-r60-rat2-id1  best 604
220 0 rat2-r60-id2-r45-r60-id1  best 604
220 0 r30-r45-r30-r45-f2  best 604
412 768 qL1i-H4-rat3  best 604
220 0 r30-r30-qLico-f  best 604
220 0 id3-id3-id3-id1-id1  best 604
220 0 qLh-r45x1-rat2-id2  best 604
220 0 qLh-qLico-r45x1  best 604
220 0 qLh-id4-f  best 604
220 0 rat2-r30-r45x2-id3  best 604
220 0 id3-ico3-id3-id1-id1  best 604
220 0 qLh-ico3-rat2-r45  best 604
220 0 id3-rat3-f2-rat2  best 604
220 0 f2-f-rat3-id1-id1  best 604
220 0 qLico-H4-r60-id1  best 604
220 0 rat3-rat3-f2-r30  best 604
220 0 ico3-f2-f2-id1-id1  best 604
220 0 rat2-r60-r45-id2-r60-id1  best 604
220 0 f2-f-r45x1-r30  best 604
220 0 r60-r30-qLico-f2  best 604
220 0 f-ico3-f-id1-id1  best 604
220 0 id3-id3-qLh-id1  best 604
220 0 qLh-id3-r60-r60  best 604
220 0 f2-ico3-r45x1-r45  best 604
220 0 id2-r45-rat2-r45-f  best 604
220 0 r30-r60-id2-r30-rat3  best 604
220 0 id3-ico3-qL1i-id1  best 604
220 0 qL1i-qLico-r45-id1  best 604
220 0 r45-r30-id4-ico3  best 604
220 0 ico3-r45x1-r45x1-id1-id1  best 604
220 0 r45x1-ico3-r45x1-id1-id1  best 604
220 0 ico3-id3-qLh-id1  best 604
220 0 r30-r30-r45x2-ico3  best 604
220 0 r45x2-qLico-ico3  best 604
220 0 r30-id2-r60-r60-id2-id1  best 604
220 0 qLico-f2-r45-rat2  best 604
220 0 r45-id2-id4-f2  best 604
220 0 qLh-qLico-f2  best 604
220 0 r45-id2-id2-id2-id3  best 604
220 0 id2-r60-id2-rat2-rat3  best 604
412 768 r45x2-H4-f  best 604
348 384 f2-rat3-r45x2-id1  best 604
220 0 id4-ico3-id2-r60  best 604
220 0 qLh-id4-r45-id1  best 604
220 0 qL1i-f2-id2-rat2  best 604
220 0 r45-id2-r30-rat2-r45-id1  best 604
220 0 id3-ico3-H4-id1  best 604
220 0 f-f-f2-rat2  best 604
220 0 f2-r45x1-ico3-r60  best 604
220 0 id2-r30-r30-r60-r45x1  best 604
220 0 id2-id2-r45-id2-rat3  best 604
220 0 r45x1-f2-ico3-id1-id1  best 604
220 0 f-ico3-f2-r60  best 604
220 0 id2-r60-qL1i-f  best 604
220 0 r45x1-f-id3-id2  best 604
220 0 id2-rat2-id2-r60-r45x1  best 604
220 0 r45x2-H4-rat2-id1  best 604
220 0 qL1i-qLico-rat3  best 604
220 0 r45-r45-r30-rat2-id2-id1  best 604
220 0 r30-r45-r30-rat2-r60-id1  best 604
412 768 r45x2-H4-rat3  best 604
220 0 ico3-ico3-r45x2-id1  best 604
220 0 qL1i-id3-id2-r30  best 604
220 0 r30-id2-r45x2-id3  best 604
220 0 qLico-H4-f2  best 604
220 0 qL1i-id4-ico3  best 604
220 0 id3-ico3-r45x2-id1  best 604
220 0 id3-f2-id4-id1  best 604
348 256 qL1i-ico3-r45-r45  best 604
220 0 rat2-rat2-H4-rat3  best 604
220 0 qLh-ico3-r30-id2  best 604
220 0 r45-r30-r60-r60-f2  best 604
348 384 f2-rat3-r45x1-r45  best 604
348 512 qLh-r45x2-r45-id1  best 604
220 0 ico3-f2-ico3-id2  best 604
220 0 r45-r60-H4-f  best 604
220 0 ico3-rat3-f2-id1-id1  best 604
220 0 f2-f2-ico3-r30  best 604
220 0 qLico-f-rat2-id2  best 604
220 0 f2-id3-qLh-id1  best 604
220 0 f2-f2-qLh-id1  best 604
220 0 qLh-H4-f  best 604
220 0 r45-r45-r60-r60-f  best 604
220 0 r45x1-f-f-id1-id1  best 604
220 0 r45-r60-r45-r30-f2  best 604
348 384 r60-r45-qL1i-f  best 604
220 0 rat2-r60-r45-id2-r30-id1  best 604
220 0 r60-r45-id4-f2  best 604
220 0 rat2-rat2-id2-r45-r45-id1  best 604
220 0 rat2-id2-r60-r30-rat2-id1  best 604
220 0 ico3-f-f2-id2  best 604
220 0 f2-ico3-r45x2-id1  best 604
220 0 rat2-id2-qL1i-r45x1  best 604
220 0 qLico-r45x2-r30-id1  best 604
220 0 id2-id2-r30-r30-r45-id1  best 604
220 0 f-f2-r45x1-id2  best 604
220 0 qLico-qLico-r60-id1  best 604
220 0 id2-rat2-r60-id2-r45x1  best 604
220 0 qLico-qLh-rat3  best 604
220 0 r45-rat2-r45-r60-ico3  best 604
220 0 rat2-r60-qLico-ico3  best 604
476 1280 qL1i-qL1i-r45-id1  best 604
220 0 r45-rat2-id2-id2-f2  best 604
220 0 rat2-r60-r30-id2-rat2-id1  best 604
604 1792 r45x2-r45x2-f  best 604
220 0 r45-id2-id2-id2-r30-id1  best 604
220 0 qLh-qL1i-ico3  best 604
220 0 id3-r45x1-f2-r30  best 604
220 0 r45x1-rat3-r45x1-id1-id1  best 604
220 0 qLh-r45x1-r60-id2  best 604
220 0 r60-r30-r30-r30-rat3  best 604
220 0 r60-id2-r30-r45-r45-id1  best 604
220 0 id4-r45x2-id2-id1  best 604
220 0 id2-r60-id2-id2-r45-id1  best 604
348 512 qLh-qL1i-r45x1  best 604
220 0 qL1i-id3-rat2-rat2  best 604
220 0 id4-f-id2-r60  best 604
220 0 r60-rat2-id2-rat2-r30-id1  best 604
220 0 r30-rat2-id2-id2-id3  best 604
220 0 r45x1-rat3-rat3-id2  best 604
220 0 r45-r60-r60-r60-f  best 604
220 0 id2-r45-id2-rat2-r30-id1  best 604
220 0 r45-r30-qL1i-ico3  best 604
348 384 r45x2-rat3-r30-r45  best 604
220 0 id3-rat3-qL1i-id1  best 604
220 0 qLico-qL1i-r30-id1  best 604
220 0 r45x1-ico3-f-rat2  best 604
220 0 r30-r60-r60-r45-r30-id1  best 604
220 0 r45-id2-r60-r45-r30-id1  best 604
220 0 r45x1-f2-id3-id2  best 604
220 0 id4-qLico-r30-id1  best 604
220 0 r30-r45-r45-r60-id3  best 604
220 0 H4-r45x2-r60-id1  best 604
220 0 qLico-qLico-rat2-id1  best 604
220 0 id4-r45x1-rat2-r30  best 604
220 0 ico3-f2-f-id1-id1  best 604
220 0 r45x2-id4-f  best 604
220 0 r45x1-rat3-id3-r60  best 604
220 0 f2-id3-f-r60  best 604
220 0 id3-f2-rat3-rat2  best 604
220 0 id2-id2-id2-id2-r45x1  best 604
476 1280 r45-r45-r45x2-f2  best 604
220 0 id2-r45-qLico-f2  best 604
220 0 ico3-ico3-H4-id1  best 604
220 0 id3-f-f-r30  best 604
220 0 id2-r60-r45x2-rat3  best 604
348 512 qL1i-qLh-f2  best 604
220 0 rat3-id3-rat3-id1-id1  best 604
220 0 r60-id2-qLh-f  best 604
220 0 r60-id2-qLico-ico3  best 604
220 0 r60-rat2-qL1i-ico3  best 604
220 0 qLh-id3-rat2-rat2  best 604
220 0 id3-f-id3-id1-id1  best 604
220 0 rat2-r30-r60-r45-rat3  best 604
220 0 r45x1-r45x1-r45x1-id1-id1  best 604
220 0 id2-rat2-id2-r45-ico3  best 604
220 0 r60-id2-qL1i-r45x1  best 604
220 0 H4-f2-id2-r45  best 604
220 0 qLh-id3-r45-r60  best 604
220 0 r45x2-qLico-r30-id1  best 604
220 0 rat2-r60-r30-r60-r45-id1  best 604
220 0 rat2-r45-rat2-r60-r60-id1  best 604
476 1280 qL1i-r45x2-r45-id1  best 604
220 0 id2-r60-qL1i-rat3  best 604
220 0 rat2-rat2-id4-rat3  best 604
220 0 id4-qLh-id3  best 604
220 0 id4-f-id2-r45  best 604
220 0 rat3-r45x1-rat3-id1-id1  best 604
220 0 f-r45x1-f-r60  best 604
220 0 r60-id2-id2-r30-id2-id1  best 604
220 0 r30-id2-r30-rat2-rat3  best 604
220 0 rat2-rat2-r45-r60-r45x1  best 604
220 0 r60-r45-rat2-r60-rat2-id1  best 604
348 256 r45x2-r45x2-ico3  best 604
220 0 r30-r45-rat2-r45-id3  best 604
220 0 id2-rat2-r60-r60-ico3  best 604
220 0 rat3-id3-r45x1-id1-id1  best 604
220 0 rat3-f-rat3-id2  best 604
220 0 r60-id2-id2-r30-r45-id1  best 604
220 0 rat3-id3-f2-r30  best 604
220 0 id2-r60-qLico-f2  best 604
220 0 r45-id2-id4-ico3  best 604
220 0 r45x2-qLico-f  best 604
220 0 rat2-rat2-qLico-f  best 604
220 0 rat3-f2-rat3-id2  best 604
220 0 id3-id3-f-r30  best 604
220 0 H4-r45x2-r30-id1  best 604
348 256 f2-r45x1-r45x2-id1  best 604
220 0 f2-id3-r45x2-id1  best 604
220 0 f2-rat3-f2-id1-id1  best 604
220 0 id2-r45-r45-r60-f2  best 604
220 0 r60-rat2-id2-r30-id3  best 604
220 0 rat3-ico3-rat3-rat2  best 604
220 0 r45x1-r45x1-qLico-id1  best 604
220 0 qLico-id4-r45x1  best 604
220 0 id4-qLico-r45-id1  best 604
348 256 qL1i-r45x2-r60-id1  best 604
348 384 rat3-r45x1-f2-r45  best 604
220 0 r45-r60-r30-r30-f  best 604
348 256 r45x2-qL1i-r60-id1  best 604
348 384 f2-r45x1-rat3-r45  best 604
220 0 H4-H4-r60-id1  best 604
220 0 ico3-id3-id3-id1-id1  best 604
220 0 qLico-f-rat2-r45  best 604
220 0 r60-r60-r30-r30-rat2-id1  best 604
220 0 qLico-f-rat2-rat2  best 604
220 0 qLh-id3-r45-id2  best 604
220 0 qLico-qLh-id2-id1  best 604
220 0 rat2-r45-id2-rat2-rat3  best 604
220 0 H4-f2-rat2-r30  best 604
220 0 r45-rat2-r45-rat2-r45x1  best 604
220 0 r60-rat2-r30-r45-f2  best 604
348 256 qL1i-r45x2-id1-id1-id1  best 604
220 0 f2-ico3-ico3-id1-id1  best 604
220 0 qLico-id4-f2  best 604
220 0 r60-r60-rat2-r60-id2-id1  best 604
220 0 ico3-ico3-ico3-id1-id1  best 604
220 0 f2-ico3-f-r45  best 604
220 0 id3-f-H4-id1  best 604
220 0 id2-id2-r30-rat2-id2-id1  best 604
220 0 r45-r30-r60-r60-r60-id1  best 604
220 0 qL1i-f2-r60-r60  best 604
220 0 ico3-f-rat3-id1-id1  best 604
220 0 id2-r45-id2-rat2-r45x1  best 604
348 256 r45x2-r45x1-r45-id2  best 604
220 0 rat3-f2-f2-rat2  best 604
220 0 H4-qL1i-r60-id1  best 604
220 0 r45x2-qLh-id2-id1  best 604
220 0 qLh-r45x2-id3  best 604
220 0 id2-rat2-r45-id2-id3  best 604
220 0 id4-f2-r45-r45  best 604
220 0 r45x1-r45x1-H4-id1  best 604
220 0 qLh-qL1i-r60-id1  best 604
220 0 qLico-H4-f  best 604
220 0 id4-f-r45-r60  best 604
220 0 r45-rat2-r45-r30-f2  best 604
220 0 id3-id3-ico3-r45  best 604
220 0 id4-qLico-r45x1  best 604
220 0 r45-id2-qL1i-ico3  best 604
220 0 r30-rat2-id2-rat2-id3  best 604
412 576 rat3-rat3-r45x2-id1  best 604
220 0 rat2-r30-qLh-f2  best 604
220 0 r45x1-rat3-qLh-id1  best 604
220 0 f-ico3-rat3-r60  best 604
348 256 r45x1-r45x1-qL1i-id1  best 604
412 768 H4-r45x2-f  best 604
220 0 r60-r45-id2-r60-f  best 604
220 0 H4-ico3-r30-r45  best 604
348 384 rat3-f2-r45x2-id1  best 604
220 0 qLh-f-r30-id2  best 604
220 0 f2-f2-qLico-id1  best 604
220 0 qLico-f2-r45-id2  best 604
220 0 r60-r45-r30-r30-ico3  best 604
220 0 qLico-qL1i-ico3  best 604
220 0 id2-r30-r45-rat2-rat3  best 604
220 0 rat2-r45-r60-r45-rat2-id1  best 604
220 0 id2-r30-qL1i-f2  best 604
220 0 H4-qL1i-id1-id1-id1  best 604
220 0 f2-rat3-id4-id1  best 604
220 0 id4-r45x1-r60-r30  best 604
220 0 r45x1-ico3-id3-rat2  best 604
220 0 rat2-r45-qLh-id3  best 604
220 0 r45-r30-rat2-rat2-rat2-id1  best 604
220 0 id3-id3-qL1i-id1  best 604
220 0 r60-id2-r60-id2-r30-id1  best 604
220 0 f-rat3-id3-r60  best 604
220 0 H4-f-id2-id2  best 604
220 0 qL1i-qLh-id3  best 604
348 256 r45-r45-r45-id2-r45-id1  best 604
220 0 rat3-r45x1-f-id1-id1  best 604
348 512 H4-r45x2-r45-id1  best 604
220 0 r45-r60-id2-id2-r60-id1  best 604
220 0 f-f-rat3-rat2  best 604
220 0 qLico-f-r30-id2  best 604
220 0 r30-r60-qLico-id3  best 604
220 0 id2-r60-r30-rat2-ico3  best 604
220 0 rat2-r60-rat2-rat2-r30-id1  best 604
220 0 id4-rat3-rat2-r30  best 604
220 0 r45-r45-r45-r30-id2-id1  best 604
220 0 r45-id2-r45-rat2-f  best 604
220 0 ico3-f2-f2-id2  best 604
220 0 r60-r60-r60-r60-f  best 604
220 0 id4-qL1i-rat2-id1  best 604
220 0 r45x2-qLico-rat2-id1  best 604
220 0 ico3-f-r45x1-id1-id1  best 604
220 0 qLico-f2-r30-rat2  best 604
220 0 rat2-r60-H4-rat3  best 604
220 0 id4-id4-id2-id1  best 604
220 0 r60-rat2-r30-r45-r45-id1  best 604
220 0 rat2-id2-id2-r45-f2  best 604
220 0 rat3-ico3-id4-id1  best 604
220 0 qLico-qL1i-id3  best 604
348 256 qL1i-qL1i-id2-id1  best 604
348 384 r45-r45-r45-r30-f  best 604
220 0 id4-r45x1-id2-id2  best 604
220 0 H4-H4-id1-id1-id1  best 604
220 0 r60-id2-r45-rat2-r45-id1  best 604
220 0 rat2-r45-id2-r45-r45-id1  best 604
220 0 qLh-id3-r45-r30  best 604
220 0 r30-r60-r30-r30-r45x1  best 604
220 0 qLh-r45x1-id2-r60  best 604
220 0 id2-r45-r30-r60-r45x1  best 604
220 0 id2-r60-r45x2-ico3  best 604
348 512 r45x2-qLh-f2  best 604
220 0 qLh-r45x1-rat2-rat2  best 604
220 0 qLico-f-id2-r45  best 604
220 0 ico3-rat3-ico3-id1-id1  best 604
220 0 qLh-qLh-r60-id1  best 604
220 0 id4-ico3-r60-r45  best 604
220 0 rat2-r30-r30-id2-r45-id1  best 604
220 0 id4-f-r60-rat2  best 604
220 0 r30-r60-id2-id2-r45-id1  best 604
220 0 id3-f2-r45x2-id1  best 604
220 0 qL1i-qLh-r30-id1  best 604
220 0 rat3-f2-f-id1-id1  best 604
220 0 ico3-ico3-rat3-id1-id1  best 604
220 0 rat2-r30-r30-rat2-r45x1  best 604
220 0 H4-qLico-rat2-id1  best 604
220 0 r30-r60-id2-r30-ico3  best 604
220 0 f2-id3-rat3-id1-id1  best 604
220 0 f2-r45x1-f-id2  best 604
348 256 r45x2-qL1i-id3  best 604
220 0 id4-r45x1-id2-r60  best 604
220 0 qLico-ico3-r45-id2  best 604
220 0 rat2-r60-rat2-r45-r30-id1  best 604
348 384 f2-r45x1-f-r45  best 604
220 0 r45x2-qLico-r45x1  best 604
220 0 id3-f-qL1i-id1  best 604
220 0 rat2-r45-id4-f2  best 604
220 0 rat2-r45-r45-rat2-id2-id1  best 604
220 0 qL1i-rat3-rat2-id2  best 604
220 0 rat2-r45-id2-r30-ico3  best 604
220 0 id2-id2-id2-r30-r45x1  best 604
220 0 id2-r30-r45x2-rat3  best 604
220 0 id3-id3-f2-r30  best 604
220 0 r45x2-id4-id2-id1  best 604
220 0 f-r45x1-id4-id1  best 604
348 384 r45x2-f-id2-r45  best 604
348 384 r45x2-rat3-r60-r45  best 604
220 0 r30-r30-qL1i-ico3  best 604
220 0 f-ico3-r45x1-id1-id1  best 604
220 0 f-rat3-H4-id1  best 604
220 0 qL1i-qLico-f2  best 604
220 0 r30-rat2-r60-id2-r45x1  best 604
220 0 f-f-id3-id1-id1  best 604
220 0 qLico-H4-ico3  best 604
220 0 rat2-rat2-id4-f  best 604
220 0 r45-r60-id4-rat3  best 604
220 0 r60-r45-r30-r60-ico3  best 604
476 1280 r45-r45-r45x2-r45x1  best 604
220 0 r45-r60-qLico-f2  best 604
220 0 id2-r30-r30-id2-id3  best 604
220 0 r45-r45-id2-r45-id2-id1  best 604
348 512 qL1i-H4-f2  best 604
220 0 r45-r60-r30-id2-r45x1  best 604
220 0 r30-id2-r45-r60-r60-id1  best 604
220 0 r30-r60-qL1i-f  best 604
220 0 id2-r60-rat2-r30-r45-id1  best 604
220 0 r30-id2-r60-rat2-r45x1  best 604
220 0 rat2-rat2-r45x2-id3  best 604
220 0 id4-qLico-id1-id1-id1  best 604
220 0 r45x1-ico3-f2-rat2  best 604
220 0 rat3-r45x1-rat3-id2  best 604
220 0 id4-H4-f2  best 604
220 0 r45x1-f2-f-r60  best 604
220 0 qLico-id3-r45-r30  best 604
220 0 qL1i-ico3-id2-r60  best 604
220 0 f-rat3-f-id1-id1  best 604
220 0 r30-r45-rat2-id2-r45-id1  best 604
220 0 qLh-id4-r60-id1  best 604
220 0 f2-id3-id3-r30  best 604
348 512 r45x2-H4-f2  best 604
220 0 id2-r30-r60-r45-r45x1  best 604
220 0 H4-H4-r30-id1  best 604
220 0 qL1i-ico3-id2-r45  best 604
220 0 id2-r30-rat2-r45-f2  best 604
220 0 rat2-r60-id4-f  best 604
220 0 r30-r45-r30-r30-f  best 604
220 0 r45-r45-r30-rat2-f2  best 604
220 0 r45x2-H4-ico3  best 604
220 0 id2-r60-id4-rat3  best 604
220 0 ico3-r45x1-H4-id1  best 604
220 0 rat3-f2-ico3-id1-id1  best 604
220 0 r45-r30-id2-rat2-rat2-id1  best 604
220 0 id2-r60-r30-r45-r60-id1  best 604
220 0 f-f2-qLico-id1  best 604
220 0 id2-r60-r30-id2-ico3  best 604
348 384 r45x1-f-r45x2-id1  best 604
220 0 qLico-f2-rat2-r60  best 604
220 0 qLico-H4-rat2-id1  best 604
220 0 qLico-id4-rat3  best 604
348 384 r45x2-f-rat2-r45  best 604
220 0 r45-r30-r45-id2-r60-id1  best 604
348 256 rat2-r45-r45x2-r45x1  best 604
220 0 qLico-r45x2-rat3  best 604
220 0 f2-ico3-r45x1-rat2  best 604
220 0 r45x1-rat3-qLico-id1  best 604
220 0 rat3-f2-rat3-id1-id1  best 604
220 0 H4-qL1i-id3  best 604
220 0 r45x1-f2-H4-id1  best 604
220 0 rat2-id2-r30-r30-r45-id1  best 604
220 0 ico3-id3-f2-rat2  best 604
220 0 rat2-id2-id2-rat2-r45-id1  best 604
220 0 ico3-ico3-qL1i-id1  best 604
220 0 H4-rat3-r60-id2  best 604
220 0 id2-r30-r30-r45-rat2-id1  best 604
220 0 id3-rat3-H4-id1  best 604
220 0 qLh-ico3-rat2-id2  best 604
220 0 rat2-rat2-qL1i-r45x1  best 604
220 0 qLico-f2-id2-id2  best 604
220 0 qL1i-f-id2-rat2  best 604
220 0 f-f-r45x1-id1-id1  best 604
220 0 rat2-id2-rat2-rat2-f2  best 604
220 0 f-ico3-qL1i-id1  best 604
220 0 r45x1-id3-r45x1-id2  best 604
220 0 f2-id3-f2-id1-id1  best 604
220 0 f-rat3-rat3-id1-id1  best 604
220 0 id2-r60-qLh-r45x1  best 604
220 0 H4-f-r60-r45  best 604
220 0 r60-rat2-qLh-ico3  best 604
220 0 rat2-r45-r45-id2-id2-id1  best 604
220 0 r45-r45-rat2-r30-r60-id1  best 604
220 0 f-ico3-ico3-rat2  best 604
220 0 f2-r45x1-rat3-r30  best 604
220 0 f2-id3-id3-id2  best 604
220 0 id2-rat2-rat2-id2-r45-id1  best 604
220 0 r45x1-f2-f-id1-id1  best 604
220 0 rat2-r30-qLico-r45x1  best 604
220 0 qL1i-ico3-rat2-id2  best 604
220 0 rat3-id3-r45x2-id1  best 604
220 0 r30-r45-r60-id2-f2  best 604
220 0 rat3-rat3-rat3-id1-id1  best 604
220 0 ico3-r45x1-id4-id1  best 604
220 0 H4-id3-r60-rat2  best 604
220 0 qL1i-qLico-r45x1  best 604
220 0 r45-r60-r30-r45-r60-id1  best 604
220 0 rat3-r45x1-rat3-r30  best 604
220 0 qLh-f2-r30-rat2  best 604
220 0 r60-rat2-r45x2-ico3  best 604
220 0 id2-id2-id2-r45-ico3  best 604
220 0 H4-id3-r45-r30  best 604
220 0 r45x2-qLico-r45-id1  best 604
220 0 r30-r30-r45-id2-r60-id1  best 604
220 0 ico3-f2-rat3-id1-id1  best 604
220 0 f2-id3-r45x1-id2  best 604
220 0 id4-id4-ico3  best 604
220 0 qLh-qLh-id3  best 604
220 0 rat2-r45-r45-r60-r45-id1  best 604
220 0 r45-r60-rat2-id2-r60-id1  best 604
220 0 qLico-r45x2-f  best 604
220 0 qLico-r45x1-r30-r60  best 604
220 0 r30-id2-qL1i-rat3  best 604
220 0 r45-r60-r30-r60-id2-id1  best 604
220 0 qL1i-f2-rat2-r60  best 604
412 576 f-f2-rat3-r45  best 604
220 0 f-f2-id4-id1  best 604
220 0 ico3-f-ico3-id1-id1  best 604
220 0 id2-r30-r30-r45-f  best 604
220 0 rat2-r60-rat2-r45-r60-id1  best 604
220 0 H4-rat3-r60-r45  best 604
220 0 r60-rat2-qLh-id3  best 604
220 0 id4-id3-r45-r60  best 604
220 0 rat2-r30-rat2-id2-r60-id1  best 604
220 0 rat2-r60-r60-r30-f2  best 604
220 0 qL1i-f-r60-id2  best 604
220 0 id4-r45x2-r30-id1  best 604
220 0 qLico-r45x2-rat2-id1  best 604
220 0 qLh-H4-r30-id1  best 604
220 0 r45x1-rat3-H4-id1  best 604
220 0 H4-r45x1-r30-r60  best 604
220 0 H4-f-r60-rat2  best 604
220 0 f-ico3-qLh-id1  best 604
220 0 r30-rat2-H4-rat3  best 604
220 0 id4-H4-f  best 604
348 256 qL1i-f2-rat2-r45  best 604
220 0 id3-ico3-ico3-id1-id1  best 604
220 0 id2-r45-id2-r45-ico3  best 604
220 0 ico3-id3-f-id2  best 604
348 256 r45-id2-qL1i-f2  best 604
220 0 r45-r45-r60-r30-r60-id1  best 604
220 0 ico3-ico3-qLico-id1  best 604
220 0 f2-id3-r45x1-id1-id1  best 604
220 0 rat3-id3-qLh-id1  best 604
220 0 rat2-rat2-qLico-rat3  best 604
220 0 f2-rat3-f2-rat2  best 604
220 0 id3-f2-qLico-id1  best 604
220 0 id4-r45x1-r45-r30  best 604
220 0 f2-id3-qLico-id1  best 604
220 0 r45x1-r45x1-rat3-id1-id1  best 604
220 0 r45x1-f-ico3-id2  best 604
220 0 id2-rat2-r45-r45-rat2-id1  best 604
348 256 r45-r60-r45-r45-f2  best 604
220 0 r45-rat2-r45x2-id3  best 604
220 0 qLico-id4-r45-id1  best 604
220 0 f-ico3-id3-id1-id1  best 604
220 0 r45x1-f2-f2-id1-id1  best 604
220 0 ico3-r45x1-ico3-id2  best 604
220 0 H4-qLh-f  best 604
220 0 r30-r45-id4-f  best 604
476 1280 qL1i-qL1i-f2  best 604
220 0 qLh-qLico-rat3  best 604
220 0 r45-rat2-id2-r45-f  best 604
220 0 qLh-H4-id3  best 604
220 0 ico3-id3-id3-rat2  best 604
348 256 r45x2-id3-r45-r45  best 604
220 0 r45x1-r45x1-id3-r30  best 604
220 0 qL1i-f-rat2-id2  best 604
348 384 f-r45x1-r45x2-id1  best 604
220 0 ico3-rat3-r45x1-r60  best 604
220 0 qLico-qLh-r30-id1  best 604
220 0 qLh-rat3-r60-id2  best 604
220 0 f2-ico3-rat3-rat2  best 604
220 0 id4-r45x1-rat2-r45  best 604
220 0 qLh-H4-r45-id1  best 604
220 0 ico3-rat3-rat3-rat2  best 604
220 0 rat2-r60-id2-r60-rat3  best 604
220 0 id2-rat2-id2-rat2-r45-id1  best 604
348 384 qL1i-rat3-rat2-r45  best 604
220 0 id4-qLico-f  best 604
220 0 r60-id2-id2-r60-id2-id1  best 604
348 384 rat3-r45x1-r45x2-id1  best 604
220 0 r60-r60-r30-r45-r60-id1  best 604
604 1792 r45x2-qL1i-f  best 604
220 0 r60-id2-id4-rat3  best 604
220 0 r45-id2-rat2-r45-r60-id1  best 604
220 0 f-r45x1-qLico-id1  best 604
220 0 id3-ico3-rat3-id1-id1  best 604
220 0 rat3-id3-r45x1-r30  best 604
220 0 ico3-r45x1-id3-id1-id1  best 604
220 0 f-rat3-id3-r30  best 604
220 0 id2-r30-r60-id2-rat3  best 604
220 0 ico3-f-f-id1-id1  best 604
220 0 id2-r45-r45-rat2-r45-id1  best 604
220 0 qL1i-id4-r45x1  best 604
220 0 r45-id2-r45-r45-id2-id1  best 604
220 0 r45-rat2-H4-id3  best 604
220 0 rat3-rat3-ico3-id1-id1  best 604
220 0 rat2-r30-id4-r45x1  best 604
220 0 id2-id2-id2-id2-id2-id1  best 604
220 0 id2-id2-r45x2-r45x1  best 604
220 0 f-id3-qLh-id1  best 604
220 0 id4-qLico-rat3  best 604
220 0 f-ico3-id3-r30  best 604
220 0 r30-r30-id2-r30-rat3  best 604
220 0 qLico-H4-r45-id1  best 604
220 0 r45x1-r45x1-r45x1-id2  best 604
220 0 f2-id3-f2-r45  best 604
220 0 ico3-id3-qLico-id1  best 604
220 0 r30-r60-r60-r60-rat2-id1  best 604
220 0 H4-id4-rat3  best 604
220 0 rat2-r45-r30-id2-id3  best 604
220 0 id3-r45x1-ico3-r60  best 604
220 0 id4-H4-r60-id1  best 604
220 0 r30-id2-rat2-r45-id2-id1  best 604
220 0 rat3-ico3-rat3-id1-id1  best 604
220 0 r30-r45-r30-r45-f  best 604
220 0 f2-f-f-id1-id1  best 604
220 0 f2-f2-id4-id1  best 604
220 0 r45-rat2-qL1i-id3  best 604
220 0 id4-H4-r45x1  best 604
220 0 r30-r30-r45-id2-ico3  best 604
220 0 rat2-r30-r45-r45-r45-id1  best 604
220 0 qLico-f-r45-rat2  best 604
476 1280 r45x2-qL1i-r45-id1  best 604
220 0 r45x2-qLico-id2-id1  best 604
220 0 id2-rat2-id2-id2-id2-id1  best 604
220 0 r30-r45-r60-r30-rat2-id1  best 604
220 0 f-id3-id3-id1-id1  best 604
220 0 id3-f-f2-r30  best 604
220 0 H4-rat3-rat2-rat2  best 604
220 0 rat2-r45-qLico-f  best 604
220 0 r60-id2-qLico-r45x1  best 604
220 0 rat3-rat3-id3-id1-id1  best 604
220 0 r45-r60-r60-r60-rat3  best 604
220 0 qL1i-r45x1-r30-r30  best 604
220 0 qLico-qLh-r60-id1  best 604
220 0 rat2-r60-r45-r60-r60-id1  best 604
220 0 rat3-ico3-qLico-id1  best 604
220 0 r60-rat2-r30-r60-id2-id1  best 604
220 0 ico3-f-rat3-r60  best 604
220 0 qLh-f-r45-id2  best 604
220 0 qLh-id4-id3  best 604
220 0 id3-id3-r45x1-id1-id1  best 604
220 0 rat2-r60-rat2-id2-r30-id1  best 604
220 0 f-f-f-rat2  best 604
220 0 r30-r45-id2-r60-r45-id1  best 604
220 0 r60-id2-r30-r45-r60-id1  best 604
220 0 rat2-rat2-r45-id2-f2  best 604
220 0 f2-f-rat3-rat2  best 604
220 0 qLh-ico3-rat2-r30  best 604
220 0 qLico-f-r45-id2  best 604
220 0 rat2-r60-id4-ico3  best 604
348 384 f2-rat3-f2-r45  best 604
220 0 ico3-id3-f-id1-id1  best 604
220 0 qLico-H4-r30-id1  best 604
220 0 r45x1-id3-id4-id1  best 604
220 0 H4-qLh-r45x1  best 604
220 0 r45x1-f-r45x1-rat2  best 604
220 0 id4-ico3-r30-r30  best 604
220 0 rat2-rat2-rat2-rat2-r30-id1  best 604
220 0 rat2-id2-qL1i-ico3  best 604
220 0 id2-r30-r45x2-f2  best 604
220 0 ico3-f2-r45x1-r60  best 604
220 0 rat3-ico3-qLh-id1  best 604
220 0 r45-r60-r60-r45-f2  best 604
220 0 f-ico3-id4-id1  best 604
220 0 r60-id2-id2-r45-rat2-id1  best 604
220 0 rat2-r60-id2-r45-f  best 604
220 0 qLh-f-r60-id2  best 604
220 0 r30-r30-r45-r60-id2-id1  best 604
220 0 id4-f-id2-rat2  best 604
220 0 rat2-r45-rat2-r30-r30-id1  best 604
220 0 qLh-id4-ico3  best 604
220 0 id2-r45-H4-ico3  best 604
220 0 id2-r30-rat2-r45-r30-id1  best 604
220 0 id2-r30-H4-id3  best 604
220 0 r60-r60-r60-r60-r45x1  best 604
220 0 id3-f-r45x1-r60  best 604
220 0 ico3-id3-rat3-id1-id1  best 604
220 0 ico3-f-rat3-id2  best 604
220 0 ico3-rat3-id3-r45  best 604
220 0 r45-r60-r30-rat2-r30-id1  best 604
220 0 r30-r45-id2-r60-r30-id1  best 604
220 0 qLico-qL1i-f2  best 604
220 0 id2-r30-id2-r45-r45-id1  best 604
220 0 r45x1-f-H4-id1  best 604
220 0 r60-rat2-r45x2-rat3  best 604
220 0 id2-rat2-id2-r45-id2-id1  best 604
220 0 id2-r60-r60-r60-r60-id1  best 604
220 0 r45x2-r45x1-id2-id2  best 604
220 0 qLico-qLico-f  best 604
220 0 r30-r30-id2-rat2-rat2-id1  best 604
220 0 f-rat3-qLico-id1  best 604
220 0 f-rat3-id3-id1-id1  best 604
220 0 ico3-r45x1-qLico-id1  best 604
220 0 ico3-r45x1-qL1i-id1  best 604
220 0 r60-id2-H4-r45x1  best 604
220 0 id2-r30-qLh-f2  best 604
348 512 qLh-r45x2-f2  best 604
220 0 r45x1-f2-id3-rat2  best 604
220 0 qL1i-rat3-id2-rat2  best 604
220 0 rat2-rat2-rat2-r45-r45x1  best 604
220 0 rat2-r30-rat2-id2-f2  best 604
220 0 rat3-id3-qL1i-id1  best 604
220 0 r45-id2-qLico-r45x1  best 604
220 0 qL1i-ico3-r30-rat2  best 604
220 0 r60-rat2-id4-ico3  best 604
220 0 rat2-rat2-r60-r45-r60-id1  best 604
348 384 r45-rat2-r45x2-rat3  best 604
220 0 id2-r30-r45x2-f  best 604
412 768 H4-qL1i-f  best 604
220 0 id2-r60-r45-id2-r60-id1  best 604
348 512 H4-qL1i-f2  best 604
220 0 f-f-rat3-id1-id1  best 604
220 0 r60-r60-r45-id2-f  best 604
220 0 r30-rat2-qLico-f  best 604
220 0 id3-rat3-id3-id1-id1  best 604
220 0 f2-rat3-rat3-id1-id1  best 604
220 0 id3-ico3-id3-r30  best 604
220 0 r60-r30-r30-r60-r60-id1  best 604
220 0 r60-r60-r60-r30-r60-id1  best 604
220 0 r45-r60-qLh-f2  best 604
220 0 id2-r45-rat2-r60-f  best 604
220 0 rat2-rat2-id2-id2-rat3  best 604
220 0 r60-r30-id2-id2-rat2-id1  best 604
220 0 r45x2-id3-r30-r30  best 604
220 0 rat2-id2-qLh-ico3  best 604
220 0 r45-id2-id2-r30-r45-id1  best 604
220 0 rat2-id2-id4-rat3  best 604
220 0 qL1i-ico3-r30-r30  best 604
220 0 H4-f2-r60-rat2  best 604
476 1280 r45x2-f2-r45-r45  best 604
220 0 id4-qLico-r60-id1  best 604
220 0 qL1i-f-rat2-r30  best 604
220 0 id2-r45-r30-id2-ico3  best 604
220 0 qLico-rat3-r30-id2  best 604
220 0 f-r45x1-rat3-r30  best 604
220 0 r30-rat2-qLh-id3  best 604
220 0 qLico-r45x1-r30-rat2  best 604
220 0 id2-rat2-r30-id2-r45x1  best 604
220 0 qL1i-qLico-id2-id1  best 604
220 0 r45x2-f-id2-r30  best 604
220 0 r60-id2-r60-r60-id2-id1  best 604
220 0 r30-r45-r60-id2-ico3  best 604
220 0 r45x2-r45x1-r30-rat2  best 604
220 0 rat2-r30-r60-r30-r45-id1  best 604
220 0 f-id3-f-id2  best 604
220 0 id4-rat3-rat2-r60  best 604
348 256 r30-r45-qL1i-f2  best 604
220 0 ico3-f-f2-r45  best 604
220 0 id2-r45-r60-id2-id2-id1  best 604
220 0 r45-rat2-r45-r30-ico3  best 604
220 0 r30-r60-r60-r45-id2-id1  best 604
348 256 r45-r60-r45x2-r45x1  best 604
220 0 r45x1-f-r45x1-r30  best 604
220 0 H4-qLh-r45-id1  best 604
220 0 id4-f-rat2-id2  best 604
220 0 id2-rat2-H4-ico3  best 604
604 1792 r45x2-r45x2-rat3  best 604
220 0 qLico-qL1i-f  best 604
220 0 r45-r45-r45-rat2-rat2-id1  best 604
220 0 rat2-r30-rat2-r45-r45-id1  best 604
220 0 f-rat3-r45x1-r60  best 604
220 0 id2-r60-r30-id2-r30-id1  best 604
220 0 r45-r60-qLico-r45x1  best 604
220 0 r45-r60-H4-rat3  best 604
220 0 id4-qLico-id2-id1  best 604
220 0 id2-id2-r60-r30-ico3  best 604
220 0 f-id3-r45x2-id1  best 604
220 0 ico3-f2-qLico-id1  best 604
220 0 rat3-ico3-r45x1-id2  best 604
220 0 r60-id2-r60-id2-f  best 604
220 0 qL1i-id4-f2  best 604
220 0 ico3-rat3-ico3-id2  best 604
348 512 qLh-qL1i-r45-id1  best 604
220 0 f-r45x1-f-rat2  best 604
220 0 id3-id3-r45x1-r60  best 604
220 0 r30-r45-r60-r60-id3  best 604
220 0 rat2-r60-r45x2-r45x1  best 604
220 0 r45x2-rat3-r30-rat2  best 604
220 0 r45x1-id3-id3-id1-id1  best 604
220 0 r30-r30-rat2-r30-rat2-id1  best 604
220 0 ico3-ico3-f-id1-id1  best 604
220 0 r30-r60-r45x2-rat3  best 604
220 0 r45-rat2-qLico-ico3  best 604
220 0 H4-qL1i-ico3  best 604
220 0 rat3-f2-id3-id1-id1  best 604
220 0 r45x1-r45x1-ico3-r60  best 604
412 768 H4-rat3-r45-r45  best 604
220 0 qLico-qLico-id3  best 604
220 0 id4-r45x1-r60-r45  best 604
220 0 id3-f2-ico3-id1-id1  best 604
220 0 r45-r45-id2-r60-r45x1  best 604
220 0 f-id3-H4-id1  best 604
220 0 id4-ico3-rat2-id2  best 604
220 0 r30-r45-r45-id2-id3  best 604
220 0 H4-H4-rat2-id1  best 604
220 0 f-f-qLico-id1  best 604
220 0 f2-rat3-qLh-id1  best 604
220 0 r60-r30-r30-r30-id2-id1  best 604
220 0 id2-id2-qLh-f  best 604
220 0 H4-r45x2-id2-id1  best 604
220 0 id3-f-ico3-r60  best 604
220 0 qLh-qLico-r30-id1  best 604
220 0 id4-r45x2-r45x1  best 604
220 0 r30-r60-id2-rat2-rat3  best 604
220 0 r60-rat2-id2-r30-r45-id1  best 604
220 0 id2-r30-r45-rat2-id2-id1  best 604
220 0 id2-id2-r30-r30-f2  best 604
220 0 r45x1-id3-qLh-id1  best 604
220 0 f2-ico3-f2-id1-id1  best 604
220 0 f-ico3-H4-id1  best 604
220 0 id2-rat2-r45-r30-r60-id1  best 604
220 0 r45-r30-r60-rat2-f2  best 604
476 1280 qL1i-r45x2-f2  best 604
348 384 f-f2-f2-r45  best 604
348 512 qL1i-H4-r45-id1  best 604
220 0 rat2-r60-H4-ico3  best 604
220 0 id4-ico3-r45-r45  best 604
220 0 r30-id2-id4-f  best 604
220 0 rat2-id2-r45-r45-id3  best 604
220 0 f2-rat3-rat3-r60  best 604
220 0 rat2-id2-rat2-id2-id2-id1  best 604
220 0 id2-rat2-r60-rat2-r60-id1  best 604
220 0 ico3-f-ico3-rat2  best 604
220 0 r45x1-r45x1-f-id2  best 604
220 0 r60-r45-H4-ico3  best 604
220 0 r60-rat2-r45-rat2-id2-id1  best 604
220 0 qL1i-id4-r30-id1  best 604
220 0 rat2-r45-rat2-id2-id2-id1  best 604
348 256 f2-f2-r45x2-id1  best 604
220 0 id2-rat2-r60-r45-id3  best 604
220 0 id2-r45-r60-r60-f2  best 604
220 0 qL1i-id4-r45-id1  best 604
220 0 qLico-qLh-r45x1  best 604
220 0 f-f2-rat3-id2  best 604
220 0 H4-rat3-r45-r60  best 604
348 256 r45x2-r45x2-r60-id1  best 604
220 0 r45x1-rat3-rat3-id1-id1  best 604
220 0 f2-f2-rat3-id1-id1  best 604
348 256 r45x2-r45x2-id3  best 604
220 0 ico3-f-ico3-id2  best 604
412 576 rat3-rat3-r45x1-r45  best 604
220 0 r45x2-id3-r60-r30  best 604
348 384 r45-r30-qL1i-rat3  best 604
220 0 f2-rat3-f-id1-id1  best 604
220 0 id2-r30-r45-id2-ico3  best 604
348 256 r45x2-qL1i-rat2-id1  best 604
220 0 rat2-id2-r30-id2-r45x1  best 604
220 0 r45x2-f-r60-r30  best 604
220 0 qLh-ico3-r60-r60  best 604
220 0 r30-r30-r45-r30-rat2-id1  best 604
220 0 ico3-rat3-rat3-r30  best 604
220 0 r60-r60-r45-r60-ico3  best 604
220 0 qL1i-H4-id3  best 604
220 0 H4-id4-ico3  best 604
220 0 r60-r30-rat2-r30-r45x1  best 604
220 0 id2-r45-r45x2-ico3  best 604
220 0 f-rat3-r45x1-id1-id1  best 604
220 0 H4-qLico-r45x1  best 604
220 0 rat3-id3-id3-id1-id1  best 604
220 0 ico3-f2-f-rat2  best 604
220 0 ico3-rat3-f-r45  best 604
220 0 id2-rat2-r30-r30-ico3  best 604
220 0 qLh-qLh-id1-id1-id1  best 604
220 0 ico3-ico3-ico3-r45  best 604
220 0 f2-r45x1-H4-id1  best 604
476 1280 r45x2-r45x1-r45-r45  best 604
220 0 H4-f-r45-r60  best 604
220 0 f2-ico3-qL1i-id1  best 604
220 0 H4-qLh-r30-id1  best 604
220 0 r60-rat2-r30-id2-r45x1  best 604
220 0 r60-r45-r30-r60-f2  best 604
220 0 f-f-ico3-id1-id1  best 604
220 0 id3-r45x1-id3-id1-id1  best 604
220 0 rat2-id2-r45-id2-f  best 604
220 0 rat2-id2-r30-id2-id2-id1  best 604
220 0 qLh-rat3-rat2-id2  best 604
220 0 r30-r60-qLh-id3  best 604
220 0 H4-f-rat2-id2  best 604
348 384 r45x1-rat3-r45x1-r45  best 604
220 0 r45x1-ico3-ico3-id1-id1  best 604
220 0 r45x2-id3-rat2-id2  best 604
220 0 r60-rat2-r30-r45-r30-id1  best 604
220 0 r60-rat2-H4-f2  best 604
220 0 f2-f-qLico-id1  best 604
220 0 id3-id3-r45x2-id1  best 604
220 0 id4-H4-rat2-id1  best 604
220 0 r60-r45-r60-rat2-id2-id1  best 604
220 0 r45x1-f-qLh-id1  best 604
220 0 f2-id3-r45x1-r45  best 604
348 256 qL1i-r45x2-rat2-id1  best 604
220 0 f2-f-ico3-id1-id1  best 604
220 0 qLico-rat3-r30-rat2  best 604
220 0 r45-rat2-id2-r45-id3  best 604
220 0 r60-id2-r45-r45-r45x1  best 604
220 0 rat2-r45-r45-rat2-rat2-id1  best 604
348 256 r45x2-r45x2-rat2-id1  best 604
220 0 H4-f2-r60-r60  best 604
220 0 qLico-qLico-r30-id1  best 604
220 0 rat3-ico3-r45x2-id1  best 604
220 0 r45-r45-id2-r30-id2-id1  best 604
220 0 r45x1-f2-f-rat2  best 604
220 0 r30-r60-r30-r30-id2-id1  best 604
220 0 rat3-ico3-f2-id1-id1  best 604
220 0 qLico-f2-r60-id2  best 604
220 0 r30-r30-r45-r60-ico3  best 604
220 0 rat2-r60-r30-r45-rat3  best 604
220 0 id2-id2-rat2-rat2-r30-id1  best 604
220 0 r45x2-rat3-rat2-id2  best 604
220 0 r45x2-id4-f2  best 604
348 256 r45x2-r45x1-r45-rat2  best 604
220 0 rat2-r60-qLico-f2  best 604
220 0 r45-r45-r30-r30-r45x1  best 604
220 0 r60-rat2-r30-id2-ico3  best 604
220 0 r30-id2-rat2-r45-r45-id1  best 604
348 384 rat3-f2-f2-r45  best 604
220 0 r45-id2-r45-id2-id2-id1  best 604
220 0 id2-r45-r30-rat2-r45x1  best 604
220 0 rat2-r45-id2-r45-rat2-id1  best 604
220 0 rat2-rat2-rat2-r45-r60-id1  best 604
220 0 id3-f2-f2-id1-id1  best 604
348 512 qLh-f2-r45-r45  best 604
220 0 rat3-ico3-rat3-id2  best 604
220 0 ico3-rat3-f2-rat2  best 604
220 0 r30-rat2-id2-rat2-r30-id1  best 604
220 0 id2-r60-qLh-f  best 604
220 0 qLico-r45x1-r60-r45  best 604
220 0 f-f-rat3-id2  best 604
220 0 r30-r30-r60-r60-ico3  best 604
220 0 r60-r30-r45x2-r45x1  best 604
220 0 r30-rat2-r45-r60-r45x1  best 604
220 0 r60-r45-rat2-r60-id2-id1  best 604
220 0 r45-r45-qLh-id3  best 604
220 0 id3-ico3-f2-r30  best 604
220 0 qLh-r45x2-r30-id1  best 604
220 0 rat2-r45-rat2-rat2-id2-id1  best 604
220 0 qLh-f-rat2-r30  best 604
220 0 r45-id2-qLico-f  best 604
220 0 rat3-f-id3-r30  best 604
220 0 rat2-id2-rat2-r45-r60-id1  best 604
220 0 f-r45x1-id3-id1-id1  best 604
220 0 rat3-f-r45x1-rat2  best 604
220 0 f2-f-id3-r30  best 604
220 0 qL1i-id4-id2-id1  best 604
220 0 id4-qL1i-ico3  best 604
348 512 r45x2-H4-r45-id1  best 604
220 0 r45-r30-qLh-id3  best 604
220 0 r30-rat2-rat2-r60-r30-id1  best 604
220 0 f-rat3-rat3-id2  best 604
220 0 qL1i-ico3-r60-r60  best 604
348 256 id2-r45-r45-r45-f2  best 604
220 0 rat3-id3-id3-id2  best 604
220 0 r30-id2-r45-id2-rat2-id1  best 604
220 0 r45x2-ico3-id2-rat2  best 604
220 0 f2-r45x1-ico3-rat2  best 604
220 0 ico3-rat3-H4-id1  best 604
220 0 r45x1-id3-rat3-id1-id1  best 604
220 0 r60-r45-rat2-r60-f  best 604
220 0 ico3-f-qLh-id1  best 604
220 0 rat3-rat3-f2-id2  best 604
220 0 H4-qLh-id3  best 604
412 768 qL1i-H4-f  best 604
220 0 H4-f2-r45-r60  best 604
220 0 rat3-ico3-ico3-id1-id1  best 604
220 0 r45-r30-id2-r30-r45x1  best 604
220 0 qLh-H4-ico3  best 604
220 0 rat3-f-rat3-id1-id1  best 604
220 0 rat3-f-r45x1-id2  best 604
220 0 rat2-id2-r45-r30-rat2-id1  best 604
220 0 id3-id3-qLico-id1  best 604
220 0 id3-rat3-f-r60  best 604
220 0 rat2-r45-r30-r30-r45x1  best 604
220 0 H4-ico3-r60-rat2  best 604
348 256 r45x2-r45x2-id2-id1  best 604
220 0 r45-id2-r30-id2-r45-id1  best 604
220 0 rat2-r60-rat2-rat2-ico3  best 604
220 0 r30-id2-r45x2-r45x1  best 604
220 0 qLh-ico3-rat2-r60  best 604
220 0 H4-ico3-id2-r60  best 604
220 0 rat2-id2-r60-r30-r45-id1  best 604
220 0 f2-id3-f-r45  best 604
220 0 id2-rat2-r30-id2-ico3  best 604
220 0 rat2-id2-r45-r45-rat2-id1  best 604
220 0 rat2-id2-H4-ico3  best 604
220 0 qL1i-id3-rat2-id2  best 604
220 0 rat3-f-f2-id1-id1  best 604
220 0 r60-rat2-id2-r30-r45x1  best 604
220 0 id2-rat2-r30-r60-r45-id1  best 604
220 0 qLh-qLh-ico3  best 604
220 0 id2-r45-id2-id2-f  best 604
220 0 id3-id3-ico3-id1-id1  best 604
604 1792 r45x2-qL1i-rat3  best 604
220 0 id3-rat3-rat3-id1-id1  best 604
220 0 qL1i-f-rat2-rat2  best 604
220 0 rat2-r30-id4-f2  best 604
220 0 r45-r45-r30-rat2-f  best 604
220 0 r45-r30-r45-r60-r30-id1  best 604
220 0 qLico-id3-r60-r30  best 604
220 0 id2-rat2-r60-r60-rat3  best 604
220 0 r45x2-ico3-r30-id2  best 604
220 0 r30-id2-rat2-rat2-id2-id1  best 604
220 0 id3-rat3-rat3-r60  best 604
220 0 id2-r30-r60-r45-r45-id1  best 604
220 0 qL1i-id3-id2-id2  best 604
220 0 r60-id2-r45x2-r45x1  best 604
220 0 qL1i-qLh-rat2-id1  best 604
220 0 f2-ico3-qLh-id1  best 604
220 0 r30-r60-qL1i-f2  best 604
220 0 rat3-id3-f-id1-id1  best 604
220 0 qL1i-id3-rat2-r45  best 604
220 0 r45-r45-r30-r60-f2  best 604
220 0 r45-r30-id4-f  best 604
220 0 r45-rat2-H4-f2  best 604
220 0 r45-r45-r60-rat2-id2-id1  best 604
220 0 r45-rat2-r60-r30-f2  best 604
220 0 r45-rat2-r60-id2-rat3  best 604
348 384 r45-id2-r45x2-f  best 604
220 0 r30-rat2-qL1i-ico3  best 604
220 0 r45-rat2-r30-r30-r45-id1  best 604
220 0 rat2-r45-qLh-r45x1  best 604
220 0 f2-rat3-ico3-id2  best 604
220 0 r45-r30-id4-f2  best 604
220 0 id4-H4-id3  best 604
220 0 r45-rat2-id2-id2-r30-id1  best 604
220 0 r45-r45-qLico-ico3  best 604
220 0 qLh-ico3-r45-rat2  best 604
220 0 rat2-id2-id4-f  best 604
220 0 rat3-f2-id3-r45  best 604
220 0 f-id3-f-r45  best 604
220 0 H4-f-r60-r30  best 604
348 256 r45x2-r45x2-r30-id1  best 604
220 0 ico3-id3-ico3-r45  best 604
348 256 r45x2-r45x1-rat2-r45  best 604
220 0 qLh-qLico-f  best 604
220 0 H4-r45x2-ico3  best 604
348 384 qL1i-f-r45-id2  best 604
220 0 r45-id2-qLico-rat3  best 604
220 0 r60-r30-qLh-r45x1  best 604
220 0 id4-f-r60-id2  best 604
220 0 id4-id3-r60-id2  best 604
220 0 f2-ico3-f-id1-id1  best 604
220 0 qLico-qL1i-rat3  best 604
220 0 r45x1-f-f2-rat2  best 604
220 0 ico3-id3-f2-r45  best 604
220 0 r60-r60-r60-id2-id3  best 604
220 0 id4-id3-r30-r60  best 604
220 0 id4-r45x2-rat3  best 604
220 0 rat2-r45-qLico-ico3  best 604
220 0 id4-qL1i-f  best 604
220 0 qLico-r45x1-r60-id2  best 604
220 0 id4-ico3-id2-id2  best 604
348 384 r45-r30-r45x2-f  best 604
220 0 qLico-rat3-id2-id2  best 604
220 0 rat2-r45-r30-rat2-rat2-id1  best 604
220 0 r45x2-r45x1-rat2-r60  best 604
220 0 id2-id2-r45-rat2-r45x1  best 604
220 0 rat2-r30-r45-rat2-f  best 604
220 0 r30-rat2-r60-r45-r30-id1  best 604
220 0 id3-f-f2-id1-id1  best 604
220 0 ico3-ico3-f2-r30  best 604
220 0 id4-qL1i-id2-id1  best 604
220 0 id2-r45-r30-r60-r30-id1  best 604
220 0 f2-r45x1-r45x1-id1-id1  best 604
220 0 id3-r45x1-f-id2  best 604
220 0 H4-qLico-id2-id1  best 604
220 0 id2-r45-H4-r45x1  best 604
220 0 id2-rat2-r60-r30-rat2-id1  best 604
220 0 qLico-r45x2-f2  best 604
220 0 r60-rat2-r30-id2-rat3  best 604
220 0 id3-r45x1-ico3-r30  best 604
220 0 id2-rat2-qLico-id3  best 604
220 0 r30-rat2-qLico-f2  best 604
220 0 qL1i-id3-r60-r30  best 604
220 0 id2-r60-r60-r45-r60-id1  best 604
220 0 r60-r60-r45-r60-rat2-id1  best 604
348 384 f2-f-qL1i-id1  best 604
220 0 qLh-qLh-rat2-id1  best 604
220 0 r45x1-f-rat3-rat2  best 604
220 0 r45-rat2-r30-rat2-f  best 604
220 0 qLh-qLico-r45-id1  best 604
220 0 r60-rat2-r60-r45-f2  best 604
220 0 id2-r30-id4-ico3  best 604
220 0 r45-r30-r45-rat2-f2  best 604
220 0 f-f-H4-id1  best 604
220 0 r45-id2-r30-r60-id2-id1  best 604
220 0 rat3-f-f2-rat2  best 604
220 0 id3-ico3-qLh-id1  best 604
348 256 qL1i-qL1i-rat2-id1  best 604
220 0 id3-id3-r45x1-r45  best 604
220 0 rat3-id3-rat3-id2  best 604
220 0 qLico-f-r60-rat2  best 604
220 0 qL1i-id3-r45-r30  best 604
220 0 r60-r60-r30-id2-rat2-id1  best 604
348 256 qL1i-qL1i-r60-id1  best 604
348 384 r45x2-rat3-id2-r45  best 604
220 0 r45-r30-id4-r45x1  best 604
220 0 r45x1-f-r45x1-r60  best 604
220 0 qLh-qLico-r60-id1  best 604
220 0 r45-r60-qL1i-ico3  best 604
220 0 f-id3-id4-id1  best 604
220 0 qLico-r45x1-rat2-r60  best 604
220 0 r30-r30-r60-id2-r45-id1  best 604
220 0 id4-qLh-r30-id1  best 604
220 0 qLh-ico3-r45-id2  best 604
220 0 f2-id3-rat3-r60  best 604
220 0 r45-id2-rat2-rat2-ico3  best 604
220 0 qLico-rat3-r45-rat2  best 604
220 0 r30-r45-r30-r30-rat3  best 604
220 0 f2-ico3-f-r30  best 604
220 0 id2-r45-id2-rat2-id2-id1  best 604
220 0 r45x1-r45x1-r45x1-r30  best 604
604 1792 qL1i-r45x2-rat3  best 604
220 0 r45-id2-rat2-id2-id2-id1  best 604
348 384 f2-f2-rat3-r45  best 604
220 0 rat2-r45-id4-id3  best 604
220 0 rat2-r30-qLico-ico3  best 604
220 0 H4-id4-f  best 604
220 0 r45x1-ico3-r45x1-r60  best 604
348 256 r45-r45-r30-r45-r45x1  best 604
220 0 r45-r60-id2-rat2-rat2-id1  best 604
220 0 qLico-r45x2-r45-id1  best 604
348 384 r45-r30-r45x2-rat3  best 604
220 0 rat2-r45-rat2-id2-id3  best 604
220 0 f-r45x1-id3-id2  best 604
220 0 qLh-H4-rat2-id1  best 604
220 0 rat3-f-f-r60  best 604
220 0 r45x2-H4-id3  best 604
220 0 r45x1-f-qLico-id1  best 604
220 0 r45-r45-id2-id2-ico3  best 604
220 0 ico3-rat3-id3-id1-id1  best 604
220 0 r45-rat2-r60-rat2-r45-id1  best 604
220 0 rat2-id2-id2-id2-f  best 604
220 0 rat3-f-qLico-id1  best 604
220 0 ico3-ico3-ico3-id2  best 604
220 0 id3-f2-r45x1-r60  best 604
220 0 qL1i-qLico-r60-id1  best 604
220 0 r60-r60-H4-r45x1  best 604
220 0 r60-r45-rat2-r45-r45-id1  best 604
220 0 id2-rat2-r45-r45-id3  best 604
220 0 H4-ico3-r30-r30  best 604
220 0 rat3-ico3-f-r30  best 604
220 0 f-rat3-f-r60  best 604
220 0 r45-r30-rat2-id2-rat3  best 604
220 0 qLico-r45x1-r60-rat2  best 604
220 0 id2-r45-id2-id2-f2  best 604
220 0 rat3-ico3-id3-id1-id1  best 604
220 0 r30-r30-r45-r45-ico3  best 604
220 0 rat2-r60-r60-r30-f  best 604
348 384 r45-r60-qL1i-rat3  best 604
220 0 id2-r60-id2-r45-rat2-id1  best 604
220 0 rat2-rat2-r30-r45-r45-id1  best 604
220 0 r60-r30-r30-r45-r60-id1  best 604
220 0 qLh-id4-f2  best 604
220 0 r45-r30-H4-ico3  best 604
220 0 f2-r45x1-ico3-id1-id1  best 604
220 0 qLh-f2-r30-r60  best 604
220 0 ico3-f-qL1i-id1  best 604
220 0 r45-r60-qLico-ico3  best 604
220 0 r45-r60-id2-r60-r45x1  best 604
220 0 r45x2-ico3-r45-r60  best 604
220 0 id3-rat3-r45x1-id1-id1  best 604
220 0 qL1i-H4-r30-id1  best 604
220 0 r45x2-r45x1-id2-r30  best 604
220 0 rat3-f-id4-id1  best 604
220 0 id2-rat2-r30-r30-r45-id1  best 604
220 0 r30-r45-id4-ico3  best 604
220 0 rat2-r60-rat2-rat2-f2  best 604
220 0 id2-rat2-H4-rat3  best 604
220 0 r45x1-r45x1-f-r30  best 604
220 0 r45-r60-H4-r45x1  best 604
220 0 rat3-r45x1-ico3-id1-id1  best 604
220 0 rat2-r45-qLh-f  best 604
220 0 id4-H4-r30-id1  best 604
220 0 r60-id2-id4-r45x1  best 604
220 0 r45x1-id3-qLico-id1  best 604
220 0 r60-r30-id2-r45-f  best 604
220 0 id4-f-r45-r45  best 604
220 0 f-ico3-id3-id2  best 604
220 0 r45x2-id3-r60-r45  best 604
220 0 qLh-f2-rat2-id2  best 604
220 0 r45-rat2-r60-r60-f  best 604
220 0 r45x1-id3-f-id1-id1  best 604
220 0 r45-id2-r45x2-id3  best 604
220 0 qLico-r45x1-id2-r60  best 604
220 0 rat2-id2-r45-r60-r45-id1  best 604
220 0 ico3-rat3-f-id1-id1  best 604
220 0 H4-r45x1-r45-r30  best 604
220 0 H4-H4-id3  best 604
220 0 r45-rat2-r60-id2-r30-id1  best 604
220 0 r30-r45-id2-r30-r60-id1  best 604
220 0 r45-id2-qLh-id3  best 604
220 0 ico3-f-f2-id1-id1  best 604
220 0 id3-f2-r45x1-rat2  best 604
220 0 f-f2-r45x1-r60  best 604
220 0 r30-r30-H4-r45x1  best 604
220 0 rat2-id2-r60-r60-id3  best 604
220 0 r60-r45-rat2-r45-id3  best 604
220 0 r45-id2-id2-r60-f2  best 604
220 0 r45x1-id3-rat3-rat2  best 604
220 0 id2-rat2-r45-r30-rat2-id1  best 604
220 0 rat2-r45-r30-r30-r30-id1  best 604
220 0 r30-rat2-r45-r45-rat3  best 604
220 0 rat2-id2-r45x2-rat3  best 604
220 0 r45-r60-r30-rat2-id2-id1  best 604
220 0 f2-rat3-r45x1-r60  best 604
220 0 id2-rat2-id2-r45-r45x1  best 604
348 512 H4-r45x2-f2  best 604
220 0 id4-r45x1-id2-rat2  best 604
220 0 ico3-f-r45x1-rat2  best 604
220 0 id3-rat3-r45x1-id2  best 604
220 0 r60-r30-r45-rat2-r60-id1  best 604
220 0 f2-f2-id3-r45  best 604
220 0 qLico-H4-id2-id1  best 604
220 0 r30-rat2-qLico-r45x1  best 604
220 0 r30-r45-id2-r60-f2  best 604
220 0 r60-r60-r45-rat2-f  best 604
220 0 r60-rat2-r45-r45-id2-id1  best 604
220 0 id2-id2-qL1i-f2  best 604
220 0 id2-r30-r60-id2-id2-id1  best 604
220 0 r45-rat2-r45-r30-r30-id1  best 604
220 0 r45x1-rat3-r45x1-rat2  best 604
220 0 f2-f2-r45x1-id1-id1  best 604
220 0 r60-id2-qLico-id3  best 604
220 0 r60-rat2-rat2-id2-f2  best 604
220 0 r45-rat2-r45-r45-id2-id1  best 604
220 0 f2-id3-f-id1-id1  best 604
220 0 r30-rat2-r60-r60-id3  best 604
220 0 H4-id3-r45-r45  best 604
220 0 r60-r60-id2-id2-r60-id1  best 604
220 0 r30-id2-r30-r45-ico3  best 604
220 0 r30-r60-r30-r60-id3  best 604
220 0 r45x1-f-rat3-r30  best 604
220 0 rat2-rat2-r45x2-ico3  best 604
220 0 r30-r30-r30-id2-rat3  best 604
220 0 f-id3-f-id1-id1  best 604
220 0 r60-r60-qLico-ico3  best 604
220 0 id2-rat2-r30-rat2-id3  best 604
220 0 qL1i-ico3-id2-r30  best 604
220 0 r45-rat2-id2-r30-id2-id1  best 604
220 0 f2-r45x1-id3-r45  best 604
412 768 qLh-f-r45-r45  best 604
220 0 r45x2-qLico-id3  best 604
220 0 rat3-f2-qLh-id1  best 604
220 0 id3-f2-H4-id1  best 604
220 0 r45x1-id3-f2-r45  best 604
220 0 qLico-ico3-r45-r30  best 604
220 0 qLh-id3-id2-r60  best 604
220 0 r45-r45-id2-r60-id2-id1  best 604
220 0 ico3-id3-f2-id2  best 604
220 0 ico3-rat3-ico3-r45  best 604
220 0 ico3-f2-rat3-r60  best 604
220 0 f-r45x1-r45x1-id1-id1  best 604
220 0 rat2-r60-r30-id2-id2-id1  best 604
220 0 ico3-r45x1-f2-id1-id1  best 604
220 0 r45x2-id4-r30-id1  best 604
220 0 rat2-r30-qLico-rat3  best 604
220 0 r45x2-f2-id2-id2  best 604
220 0 id3-f2-rat3-id1-id1  best 604
220 0 qL1i-qLico-f  best 604
220 0 id2-id2-H4-f  best 604
220 0 r60-rat2-id2-rat2-r45-id1  best 604
220 0 H4-f2-rat2-r45  best 604
220 0 r60-r30-qLh-rat3  best 604
220 0 r30-r30-id4-f  best 604
220 0 r60-id2-r30-r30-id2-id1  best 604
220 0 qL1i-f-r30-rat2  best 604
220 0 id4-rat3-r60-id2  best 604
220 0 f2-rat3-f2-r30  best 604
220 0 rat2-r30-rat2-r60-id2-id1  best 604
220 0 id2-id2-r45x2-id3  best 604
220 0 id4-id4-rat3  best 604
220 0 r60-r30-r60-r45-r45x1  best 604
220 0 qLh-id3-id2-r30  best 604
220 0 id2-r30-qLh-ico3  best 604
220 0 rat2-rat2-id2-r30-f  best 604
220 0 f2-rat3-id3-rat2  best 604
220 0 ico3-r45x1-rat3-r30  best 604
220 0 ico3-f-f2-r30  best 604
220 0 rat3-id3-rat3-rat2  best 604
220 0 r45-r30-rat2-id2-r45x1  best 604
220 0 id2-id2-r45-r60-r45-id1  best 604
220 0 f2-f2-ico3-r60  best 604
220 0 id4-id3-r60-r30  best 604
220 0 r45x1-rat3-f2-id1-id1  best 604
220 0 r30-r30-r60-id2-r60-id1  best 604
220 0 rat2-r60-rat2-rat2-r45x1  best 604
348 384 rat2-r45-qL1i-f  best 604
220 0 rat2-r30-id2-r30-r60-id1  best 604
220 0 r45-rat2-id4-r45x1  best 604
220 0 qLh-qL1i-rat2-id1  best 604
220 0 qLh-r45x2-id2-id1  best 604
220 0 id3-rat3-rat3-id2  best 604
220 0 rat3-r45x1-r45x1-id1-id1  best 604
220 0 rat2-id2-r45-r30-id3  best 604
220 0 r45x2-f-r30-r30  best 604
220 0 f2-f2-rat3-id2  best 604
220 0 f-ico3-f-r45  best 604
220 0 r60-r45-rat2-r30-id2-id1  best 604
220 0 r45x2-ico3-r60-r45  best 604
220 0 rat2-id2-r30-r30-r60-id1  best 604
220 0 r45-r60-rat2-id2-f2  best 604
220 0 rat2-id2-id2-r30-id2-id1  best 604
220 0 qL1i-id4-r60-id1  best 604
220 0 qLh-f2-r60-r30  best 604
220 0 r30-r30-qLh-id3  best 604
220 0 id2-r45-id4-rat3  best 604
220 0 ico3-f2-r45x2-id1  best 604
220 0 r45-r60-r60-r60-r45-id1  best 604
220 0 r60-r30-rat2-r45-rat2-id1  best 604
220 0 r60-id2-r45-rat2-f  best 604
220 0 f-rat3-f2-r60  best 604
220 0 r30-r30-id2-rat2-f  best 604
220 0 id4-r45x2-f2  best 604
220 0 qLico-r45x2-r60-id1  best 604
220 0 r60-r45-rat2-id2-r30-id1  best 604
220 0 r45x1-f2-rat3-id1-id1  best 604
220 0 rat2-r60-qLh-id3  best 604
220 0 id4-qLh-f2  best 604
220 0 r45x1-ico3-r45x2-id1  best 604
412 576 rat3-f-r45x1-r45  best 604
220 0 r30-r30-rat2-r60-r30-id1  best 604
220 0 f-r45x1-rat3-id2  best 604
220 0 id2-rat2-rat2-rat2-r30-id1  best 604
220 0 f-id3-r45x1-r60  best 604
220 0 id4-ico3-rat2-r45  best 604
220 0 f2-f2-f-r60  best 604
220 0 r30-r30-r45x2-r45x1  best 604
220 0 rat2-id2-rat2-r30-f  best 604
220 0 r45x2-id4-rat3  best 604
220 0 id4-qLh-r60-id1  best 604
220 0 r30-r45-r30-id2-r45-id1  best 604
220 0 id4-id4-f2  best 604
220 0 rat2-r60-r60-r60-id3  best 604
220 0 r45-r45-r60-r60-r60-id1  best 604
220 0 id2-id2-qLico-ico3  best 604
220 0 qLico-qL1i-r60-id1  best 604
220 0 id2-id2-r60-r45-id3  best 604
348 384 qL1i-rat3-r30-r45  best 604
220 0 r30-r30-r45x2-rat3  best 604
220 0 rat2-r45-r30-r30-f2  best 604
220 0 id2-r45-qLh-f  best 604
220 0 r45-r45-rat2-r45-r30-id1  best 604
220 0 id3-f2-f-r60  best 604
220 0 qLh-qLico-id3  best 604
220 0 r60-r60-r45-r60-id2-id1  best 604
220 0 id3-rat3-f2-r45  best 604
348 512 qLh-r45x2-r45x1  best 604
348 384 id2-r45-r45-r45-f  best 604
220 0 r30-rat2-r30-r45-r45x1  best 604
220 0 r30-r30-r45x2-id3  best 604
220 0 H4-f-r30-r45  best 604
220 0 r45-r60-r60-id2-ico3  best 604
220 0 r60-id2-r30-r45-r30-id1  best 604
220 0 id3-f-f2-r45  best 604
348 512 qLh-qL1i-f2  best 604
220 0 qL1i-qLh-ico3  best 604
220 0 r30-id2-r30-r60-id3  best 604
220 0 r60-rat2-id4-r45x1  best 604
220 0 r45x2-id3-r45-rat2  best 604
220 0 ico3-id3-f2-id1-id1  best 604
220 0 H4-qLh-f2  best 604
220 0 id2-id2-H4-ico3  best 604
412 576 r45x1-rat3-rat3-r45  best 604
220 0 id3-rat3-rat3-r30  best 604
220 0 id3-r45x1-id4-id1  best 604
220 0 qLh-id3-r30-r45  best 604
220 0 qLh-f-r30-r30  best 604
220 0 r45-rat2-r45-r60-f2  best 604
220 0 H4-qLico-r30-id1  best 604
220 0 r45x2-rat3-r30-r30  best 604
220 0 r60-id2-qL1i-ico3  best 604
220 0 r30-r30-r30-r45-id2-id1  best 604
220 0 r45-r30-qLico-id3  best 604
220 0 r45x2-id4-ico3  best 604
220 0 r45-rat2-rat2-r60-rat2-id1  best 604
220 0 id2-rat2-r30-r60-r30-id1  best 604
220 0 rat2-r45-r45-r60-ico3  best 604
220 0 rat2-r60-rat2-r30-r45x1  best 604
220 0 rat2-rat2-rat2-id2-rat2-id1  best 604
220 0 r60-r45-r45x2-ico3  best 604
220 0 r60-id2-id4-id3  best 604
220 0 id2-rat2-qL1i-ico3  best 604
220 0 rat2-r45-r45-r30-id2-id1  best 604
220 0 rat2-r30-H4-ico3  best 604
220 0 r30-id2-r60-r45-f  best 604
220 0 id4-ico3-rat2-r60  best 604
220 0 H4-ico3-rat2-id2  best 604
476 1280 r45x2-qL1i-f2  best 604
220 0 H4-f2-id2-rat2  best 604
412 576 f-f-r45x2-id1  best 604
220 0 r45-r60-H4-f2  best 604
220 0 r45x2-f-r30-r60  best 604
220 0 qL1i-r45x1-rat2-rat2  best 604
220 0 id2-id2-qLico-id3  best 604
220 0 id2-id2-r45-id2-rat2-id1  best 604
220 0 id2-r45-r45x2-id3  best 604
220 0 id2-r30-qLh-rat3  best 604
220 0 r45x2-rat3-r60-r60  best 604
220 0 r30-id2-qL1i-ico3  best 604
220 0 id3-ico3-ico3-r45  best 604
220 0 r45x1-f2-r45x1-id2  best 604
220 0 r30-r30-rat2-r45-id2-id1  best 604
220 0 r30-rat2-r30-r60-r30-id1  best 604
220 0 r60-id2-r60-rat2-r45x1  best 604
220 0 id2-id2-id2-r60-rat3  best 604
220 0 H4-qLico-f2  best 604
220 0 r30-r60-id2-rat2-f2  best 604
220 0 ico3-f-ico3-r30  best 604
220 0 ico3-ico3-r45x1-r30  best 604
220 0 id2-id2-r45-id2-r45-id1  best 604
220 0 r45-id2-id4-r45x1  best 604
220 0 f-ico3-r45x1-r45  best 604
412 576 f-f-qL1i-id1  best 604
220 0 qL1i-qLico-rat2-id1  best 604
220 0 rat3-rat3-rat3-r30  best 604
220 0 f2-rat3-H4-id1  best 604
220 0 id2-r45-r30-r45-r30-id1  best 604
348 256 qL1i-r45x1-r60-r45  best 604
220 0 rat3-f2-f2-r60  best 604
220 0 r45-rat2-r60-rat2-r30-id1  best 604
220 0 r60-id2-H4-ico3  best 604
220 0 rat3-f2-f2-id1-id1  best 604
220 0 rat2-r45-r60-id2-rat3  best 604
220 0 id2-rat2-id2-rat2-r60-id1  best 604
220 0 id2-rat2-qL1i-rat3  best 604
220 0 id2-rat2-rat2-r60-f  best 604
220 0 qLico-r45x1-r45-id2  best 604
412 576 rat3-r45x1-rat3-r45  best 604
476 1280 qL1i-r45x2-r45x1  best 604
220 0 id3-f-r45x1-id1-id1  best 604
604 1792 r45-r45-qL1i-f  best 604
220 0 qLico-id4-id3  best 604
220 0 rat2-id2-r30-rat2-r60-id1  best 604
220 0 id2-r30-H4-ico3  best 604
220 0 ico3-rat3-qL1i-id1  best 604
220 0 r45x1-ico3-qLico-id1  best 604
220 0 r30-r45-r30-rat2-id2-id1  best 604
220 0 id2-r30-id2-r30-r45x1  best 604
220 0 r30-id2-id2-r45-id2-id1  best 604
220 0 r60-r30-qL1i-r45x1  best 604
220 0 f-rat3-ico3-r60  best 604
220 0 r45x1-ico3-id3-id2  best 604
220 0 id2-r45-id2-rat2-r60-id1  best 604
220 0 f-id3-r45x1-id1-id1  best 604
220 0 r45-r60-rat2-r60-rat2-id1  best 604
220 0 r60-r45-id2-id2-ico3  best 604
220 0 ico3-id3-rat3-r30  best 604
220 0 r30-r60-id2-r45-r45x1  best 604
220 0 H4-f-r60-id2  best 604
220 0 rat2-r60-r45-id2-id2-id1  best 604
220 0 r30-r60-rat2-r60-rat3  best 604
220 0 ico3-r45x1-id3-id2  best 604
220 0 r45x2-f2-r60-rat2  best 604
220 0 id2-rat2-qLh-f  best 604
220 0 H4-id3-id2-r60  best 604
220 0 r60-r30-r45-r45-r45x1  best 604
220 0 qLh-rat3-rat2-rat2  best 604
220 0 r45-r30-r60-r60-rat2-id1  best 604
