loaded 592 points, maxcos 0.500000000023360 (108,269)
added point in hole with maxcos 0.601012 -> N=593
initial relax E=8.5191e-07
it 20 N=593 E=3.6758e-12 best=3.6758e-12 acc=13 mv=2 t=104
SUCCESS N=593 maxcos=0.500000000000011 iter=22 time=111.5 -> runs/k12grow/g_N593_s1.txt
grow to N=594, hole 0.612770, E=3.5773e-03
it 40 N=594 E=7.9808e-05 best=7.9808e-05 acc=19 mv=1 t=137
it 60 N=594 E=7.4559e-05 best=7.4559e-05 acc=30 mv=0 t=160
it 80 N=594 E=7.4371e-05 best=7.4371e-05 acc=37 mv=3 t=184
it 100 N=594 E=6.6995e-05 best=6.6995e-05 acc=43 mv=2 t=217
it 120 N=594 E=4.4058e-05 best=4.4058e-05 acc=51 mv=3 t=244
it 140 N=594 E=4.3676e-05 best=4.3676e-05 acc=54 mv=1 t=267
it 160 N=594 E=4.3672e-05 best=4.3672e-05 acc=61 mv=0 t=286
it 180 N=594 E=3.9337e-05 best=3.9337e-05 acc=69 mv=3 t=315
it 200 N=594 E=3.9121e-05 best=3.9121e-05 acc=77 mv=1 t=350
it 220 N=594 E=3.9014e-05 best=3.9014e-05 acc=85 mv=1 t=404
it 240 N=594 E=3.8349e-05 best=3.8349e-05 acc=95 mv=3 t=448
it 260 N=594 E=3.8234e-05 best=3.8234e-05 acc=105 mv=1 t=484
it 280 N=594 E=3.8187e-05 best=3.8187e-05 acc=109 mv=0 t=531
it 300 N=594 E=3.8150e-05 best=3.8150e-05 acc=116 mv=2 t=583
it 320 N=594 E=3.8052e-05 best=3.8052e-05 acc=119 mv=2 t=627
it 340 N=594 E=3.7337e-05 best=3.7337e-05 acc=123 mv=0 t=675
it 360 N=594 E=3.6636e-05 best=3.6636e-05 acc=129 mv=3 t=715
it 380 N=594 E=3.6634e-05 best=3.6634e-05 acc=134 mv=3 t=750
it 400 N=594 E=3.6634e-05 best=3.6634e-05 acc=137 mv=0 t=784
it 420 N=594 E=3.6006e-05 best=3.6006e-05 acc=142 mv=0 t=834
it 440 N=594 E=3.5962e-05 best=3.5962e-05 acc=147 mv=0 t=873
it 460 N=594 E=3.5960e-05 best=3.5960e-05 acc=152 mv=2 t=908
it 480 N=594 E=3.5960e-05 best=3.5960e-05 acc=153 mv=1 t=962
it 500 N=594 E=3.5960e-05 best=3.5960e-05 acc=155 mv=0 t=1006
it 520 N=594 E=3.5960e-05 best=3.5960e-05 acc=159 mv=1 t=1045
it 540 N=594 E=3.5960e-05 best=3.5960e-05 acc=159 mv=3 t=1096
it 560 N=594 E=3.5885e-05 best=3.5885e-05 acc=167 mv=3 t=1123
it 580 N=594 E=3.5870e-05 best=3.5870e-05 acc=174 mv=3 t=1157
it 600 N=594 E=3.5870e-05 best=3.5870e-05 acc=175 mv=3 t=1200
it 620 N=594 E=3.5870e-05 best=3.5870e-05 acc=179 mv=0 t=1227
it 640 N=594 E=3.5870e-05 best=3.5870e-05 acc=179 mv=2 t=1255
it 660 N=594 E=3.5870e-05 best=3.5870e-05 acc=179 mv=0 t=1282
it 680 N=594 E=3.5870e-05 best=3.5870e-05 acc=179 mv=0 t=1353
it 700 N=594 E=3.5870e-05 best=3.5870e-05 acc=179 mv=1 t=1398
it 720 N=594 E=3.5870e-05 best=3.5870e-05 acc=179 mv=2 t=1442
it 740 N=594 E=3.5870e-05 best=3.5870e-05 acc=180 mv=2 t=1478
it 760 N=594 E=3.5870e-05 best=3.5870e-05 acc=180 mv=2 t=1511
it 780 N=594 E=3.5870e-05 best=3.5870e-05 acc=180 mv=3 t=1563
it 800 N=594 E=3.5870e-05 best=3.5870e-05 acc=180 mv=0 t=1622
it 820 N=594 E=3.5870e-05 best=3.5870e-05 acc=180 mv=3 t=1659
it 840 N=594 E=3.5870e-05 best=3.5870e-05 acc=180 mv=0 t=1704
it 860 N=594 E=3.5870e-05 best=3.5870e-05 acc=180 mv=0 t=1754
it 880 N=594 E=3.5870e-05 best=3.5870e-05 acc=180 mv=0 t=1798
it 900 N=594 E=3.5870e-05 best=3.5870e-05 acc=180 mv=0 t=1833
it 920 N=594 E=3.5870e-05 best=3.5870e-05 acc=180 mv=2 t=1871
