fibered points: 512
loaded 512 points, maxcos 0.966347298472944 (236,404)
riesz warmup maxcos=0.53982793
lse h=200 maxcos=0.5448849678
lse h=300 maxcos=0.5423290503
lse h=450 maxcos=0.5413736865
lse h=675 maxcos=0.5403194906
lse h=1012 maxcos=0.5396448426
lse h=1519 maxcos=0.5391991435
lse h=2278 maxcos=0.5389143765
lse h=3417 maxcos=0.5387161214
lse h=5126 maxcos=0.5385877218
lse h=7689 maxcos=0.5384884455
lse h=11533 maxcos=0.5384338367
lse h=17300 maxcos=0.5383959767
lse h=25949 maxcos=0.5383689274
lse h=38924 maxcos=0.5383515917
lse h=58386 maxcos=0.5383401308
lse h=87579 maxcos=0.5383323148
final N=512 best maxcos=0.538332314819
