loaded 604 points, maxcos 0.500000000000000 (496,498)
inserted point at hole with maxcos 0.629241
riesz warmup maxcos=0.51110098
lse h=200 maxcos=0.5221786431
lse h=300 maxcos=0.5174857931
lse h=450 maxcos=0.5141727236
lse h=675 maxcos=0.5118975371
lse h=1012 maxcos=0.5103492060
lse h=1519 maxcos=0.5093843601
lse h=2278 maxcos=0.5087448119
lse h=3417 maxcos=0.5082897338
lse h=5126 maxcos=0.5079961303
lse h=7689 maxcos=0.5077918488
lse h=11533 maxcos=0.5076565415
lse h=17300 maxcos=0.5075683847
lse h=25949 maxcos=0.5075100507
lse h=38924 maxcos=0.5074712731
lse h=58386 maxcos=0.5074455365
lse h=87579 maxcos=0.5074284536
lse h=131368 maxcos=0.5074168539
lse h=197052 maxcos=0.5074093422
final N=605 best maxcos=0.507409342164
