loaded 604 points, maxcos 0.500000000000000 (593,602)
inserted point at hole with maxcos 0.585064
riesz warmup maxcos=0.51383078
lse h=200 maxcos=0.5233172289
lse h=300 maxcos=0.5193709921
lse h=450 maxcos=0.5164882854
lse h=675 maxcos=0.5144891158
lse h=1012 maxcos=0.5132488426
lse h=1519 maxcos=0.5124674433
lse h=2278 maxcos=0.5119298691
lse h=3417 maxcos=0.5115730411
lse h=5126 maxcos=0.5113307009
lse h=7689 maxcos=0.5111723569
lse h=11533 maxcos=0.5110681464
lse h=17300 maxcos=0.5109983481
lse h=25949 maxcos=0.5109513755
lse h=38924 maxcos=0.5109206149
lse h=58386 maxcos=0.5108998520
lse h=87579 maxcos=0.5108858838
lse h=131368 maxcos=0.5108767553
lse h=197052 maxcos=0.5108705946
final N=605 best maxcos=0.510870594639
