loaded 604 points, maxcos 0.500000000000000 (0,496)
inserted point at hole with maxcos 0.618619
riesz warmup maxcos=0.51650054
lse h=200 maxcos=0.5270872857
lse h=300 maxcos=0.5225425549
lse h=450 maxcos=0.5194750447
lse h=675 maxcos=0.5172810357
lse h=1012 maxcos=0.5158385205
lse h=1519 maxcos=0.5149014204
lse h=2278 maxcos=0.5142999170
lse h=3417 maxcos=0.5138744576
lse h=5126 maxcos=0.5136022328
lse h=7689 maxcos=0.5134202025
lse h=11533 maxcos=0.5133000219
lse h=17300 maxcos=0.5132203796
lse h=25949 maxcos=0.5131670837
lse h=38924 maxcos=0.5131317340
lse h=58386 maxcos=0.5131080607
lse h=87579 maxcos=0.5130923135
lse h=131368 maxcos=0.5130818164
lse h=197052 maxcos=0.5130748133
final N=605 best maxcos=0.513074813261
