loaded 604 points, maxcos 0.500000000000000 (496,592)
inserted point at hole with maxcos 0.671695
riesz warmup maxcos=0.53129658
lse h=200 maxcos=0.5370140595
lse h=300 maxcos=0.5345208141
lse h=450 maxcos=0.5328051905
lse h=675 maxcos=0.5316796604
lse h=1012 maxcos=0.5310313548
lse h=1519 maxcos=0.5304778001
lse h=2278 maxcos=0.5301721664
lse h=3417 maxcos=0.5299613172
lse h=5126 maxcos=0.5298193666
lse h=7689 maxcos=0.5297216482
lse h=11533 maxcos=0.5296576736
lse h=17300 maxcos=0.5296152046
lse h=25949 maxcos=0.5295878162
lse h=38924 maxcos=0.5295676461
lse h=58386 maxcos=0.5295544915
lse h=87579 maxcos=0.5295458426
lse h=131368 maxcos=0.5295401380
lse h=197052 maxcos=0.5295363070
final N=605 best maxcos=0.529536306974
