loaded 604 points, maxcos 0.500000000000000 (496,500)
inserted point at hole with maxcos 0.647246
riesz warmup maxcos=0.53170648
lse h=200 maxcos=0.5364935407
lse h=300 maxcos=0.5344297020
lse h=450 maxcos=0.5331680305
lse h=675 maxcos=0.5321527057
lse h=1012 maxcos=0.5314864501
lse h=1519 maxcos=0.5310341843
lse h=2278 maxcos=0.5307717929
lse h=3417 maxcos=0.5305508442
lse h=5126 maxcos=0.5304010836
lse h=7689 maxcos=0.5302998800
lse h=11533 maxcos=0.5302394611
lse h=17300 maxcos=0.5301962210
lse h=25949 maxcos=0.5301663043
lse h=38924 maxcos=0.5301473992
lse h=58386 maxcos=0.5301344710
lse h=87579 maxcos=0.5301257703
lse h=131368 maxcos=0.5301200249
lse h=197052 maxcos=0.5301161727
final N=605 best maxcos=0.530116172746
