loaded 604 points, maxcos 0.500000000000000 (496,499)
inserted point at hole with maxcos 0.634200
riesz warmup maxcos=0.51615994
lse h=200 maxcos=0.5270797663
lse h=300 maxcos=0.5224698459
lse h=450 maxcos=0.5189049854
lse h=675 maxcos=0.5165901185
lse h=1012 maxcos=0.5151334875
lse h=1519 maxcos=0.5141863643
lse h=2278 maxcos=0.5135584867
lse h=3417 maxcos=0.5131440495
lse h=5126 maxcos=0.5128632474
lse h=7689 maxcos=0.5126725122
lse h=11533 maxcos=0.5125470488
lse h=17300 maxcos=0.5124626865
lse h=25949 maxcos=0.5124067880
lse h=38924 maxcos=0.5123691312
lse h=58386 maxcos=0.5123439292
lse h=87579 maxcos=0.5123272445
lse h=131368 maxcos=0.5123159949
lse h=197052 maxcos=0.5123085998
final N=605 best maxcos=0.512308599796
