loaded 604 points, maxcos 0.500000000000000 (592,600)
inserted point at hole with maxcos 0.608924
riesz warmup maxcos=0.51350158
lse h=200 maxcos=0.5266758035
lse h=300 maxcos=0.5205420015
lse h=450 maxcos=0.5166858828
lse h=675 maxcos=0.5143008353
lse h=1012 maxcos=0.5127990905
lse h=1519 maxcos=0.5118178296
lse h=2278 maxcos=0.5111721567
lse h=3417 maxcos=0.5107429657
lse h=5126 maxcos=0.5104569304
lse h=7689 maxcos=0.5102671023
lse h=11533 maxcos=0.5101434670
lse h=17300 maxcos=0.5100610779
lse h=25949 maxcos=0.5100061795
lse h=38924 maxcos=0.5099694739
lse h=58386 maxcos=0.5099451890
lse h=87579 maxcos=0.5099291060
lse h=131368 maxcos=0.5099183049
lse h=197052 maxcos=0.5099111592
final N=605 best maxcos=0.509911159173
