loaded 604 points, maxcos 0.500000000000000 (496,499)
inserted point at hole with maxcos 0.577350
riesz warmup maxcos=0.51109797
lse h=200 maxcos=0.5221786431
lse h=300 maxcos=0.5174857931
lse h=450 maxcos=0.5141727236
lse h=675 maxcos=0.5118861044
lse h=1012 maxcos=0.5103318908
lse h=1519 maxcos=0.5093683375
lse h=2278 maxcos=0.5087216750
lse h=3417 maxcos=0.5082904693
lse h=5126 maxcos=0.5079831478
lse h=7689 maxcos=0.5077860054
lse h=11533 maxcos=0.5076541115
lse h=17300 maxcos=0.5075658665
lse h=25949 maxcos=0.5075074268
lse h=38924 maxcos=0.5074684327
lse h=58386 maxcos=0.5074425375
lse h=87579 maxcos=0.5074253441
lse h=131368 maxcos=0.5074138707
lse h=197052 maxcos=0.5074062208
final N=605 best maxcos=0.507406220768
