loaded 604 points, maxcos 0.500000000000000 (498,504)
inserted point at hole with maxcos 0.634411
riesz warmup maxcos=0.51296620
lse h=200 maxcos=0.5231868136
lse h=300 maxcos=0.5188490153
lse h=450 maxcos=0.5156961470
lse h=675 maxcos=0.5136328926
lse h=1012 maxcos=0.5123406176
lse h=1519 maxcos=0.5114774730
lse h=2278 maxcos=0.5108906473
lse h=3417 maxcos=0.5104929605
lse h=5126 maxcos=0.5102318506
lse h=7689 maxcos=0.5100569309
lse h=11533 maxcos=0.5099410136
lse h=17300 maxcos=0.5098638905
lse h=25949 maxcos=0.5098118818
lse h=38924 maxcos=0.5097773292
lse h=58386 maxcos=0.5097544704
lse h=87579 maxcos=0.5097392311
lse h=131368 maxcos=0.5097290285
lse h=197052 maxcos=0.5097222171
final N=605 best maxcos=0.509722217066
