loaded 604 points, maxcos 0.500000000000000 (0,498)
inserted point at hole with maxcos 0.650178
riesz warmup maxcos=0.51712335
lse h=200 maxcos=0.5292007575
lse h=300 maxcos=0.5241819735
lse h=450 maxcos=0.5203288485
lse h=675 maxcos=0.5179697458
lse h=1012 maxcos=0.5164084153
lse h=1519 maxcos=0.5153491983
lse h=2278 maxcos=0.5145885000
lse h=3417 maxcos=0.5139179702
lse h=5126 maxcos=0.5136486612
lse h=7689 maxcos=0.5134632625
lse h=11533 maxcos=0.5133390090
lse h=17300 maxcos=0.5132567537
lse h=25949 maxcos=0.5132020959
lse h=38924 maxcos=0.5131653574
lse h=58386 maxcos=0.5131408126
lse h=87579 maxcos=0.5131243564
lse h=131368 maxcos=0.5131134403
lse h=197052 maxcos=0.5131061884
final N=605 best maxcos=0.513106188351
