loaded 604 points, maxcos 0.500000000000000 (496,499)
inserted point at hole with maxcos 0.660796
riesz warmup maxcos=0.51653858
lse h=200 maxcos=0.5278864213
lse h=300 maxcos=0.5230740305
lse h=450 maxcos=0.5194960840
lse h=675 maxcos=0.5173053803
lse h=1012 maxcos=0.5158966209
lse h=1519 maxcos=0.5149733439
lse h=2278 maxcos=0.5143553958
lse h=3417 maxcos=0.5139458273
lse h=5126 maxcos=0.5136701148
lse h=7689 maxcos=0.5134865478
lse h=11533 maxcos=0.5133631016
lse h=17300 maxcos=0.5132804716
lse h=25949 maxcos=0.5132252908
lse h=38924 maxcos=0.5131893590
lse h=58386 maxcos=0.5131647013
lse h=87579 maxcos=0.5131484912
lse h=131368 maxcos=0.5131376906
lse h=197052 maxcos=0.5131304583
final N=605 best maxcos=0.513130458318
