loaded 604 points, maxcos 0.500000000000000 (496,500)
inserted point at hole with maxcos 0.619621
riesz warmup maxcos=0.51109744
lse h=200 maxcos=0.5221786431
lse h=300 maxcos=0.5174857931
lse h=450 maxcos=0.5141727236
lse h=675 maxcos=0.5118861006
lse h=1012 maxcos=0.5103318996
lse h=1519 maxcos=0.5093683994
lse h=2278 maxcos=0.5087217309
lse h=3417 maxcos=0.5082904269
lse h=5126 maxcos=0.5079836911
lse h=7689 maxcos=0.5077853305
lse h=11533 maxcos=0.5076541706
lse h=17300 maxcos=0.5075658351
lse h=25949 maxcos=0.5075073135
lse h=38924 maxcos=0.5074683397
lse h=58386 maxcos=0.5074423941
lse h=87579 maxcos=0.5074253061
lse h=131368 maxcos=0.5074138892
lse h=197052 maxcos=0.5074062626
final N=605 best maxcos=0.507406262603
