loaded 604 points, maxcos 0.500000000000000 (496,499)
inserted point at hole with maxcos 0.639024
riesz warmup maxcos=0.53068757
lse h=200 maxcos=0.5363221193
lse h=300 maxcos=0.5338539705
lse h=450 maxcos=0.5321592945
lse h=675 maxcos=0.5309537416
lse h=1012 maxcos=0.5301927401
lse h=1519 maxcos=0.5297587886
lse h=2278 maxcos=0.5294104040
lse h=3417 maxcos=0.5292181946
lse h=5126 maxcos=0.5290786972
lse h=7689 maxcos=0.5289836907
lse h=11533 maxcos=0.5289124617
lse h=17300 maxcos=0.5288653181
lse h=25949 maxcos=0.5288340743
lse h=38924 maxcos=0.5288123808
lse h=58386 maxcos=0.5287974808
lse h=87579 maxcos=0.5287877827
lse h=131368 maxcos=0.5287813398
lse h=197052 maxcos=0.5287771279
final N=605 best maxcos=0.528777127895
