loaded 604 points, maxcos 0.500000000000000 (496,502)
inserted point at hole with maxcos 0.626337
riesz warmup maxcos=0.51110112
lse h=200 maxcos=0.5221786431
lse h=300 maxcos=0.5174857931
lse h=450 maxcos=0.5141727236
lse h=675 maxcos=0.5118975330
lse h=1012 maxcos=0.5103492131
lse h=1519 maxcos=0.5093847924
lse h=2278 maxcos=0.5087447697
lse h=3417 maxcos=0.5082892787
lse h=5126 maxcos=0.5079959308
lse h=7689 maxcos=0.5077907460
lse h=11533 maxcos=0.5076559651
lse h=17300 maxcos=0.5075681401
lse h=25949 maxcos=0.5075101485
lse h=38924 maxcos=0.5074712729
lse h=58386 maxcos=0.5074455033
lse h=87579 maxcos=0.5074283273
lse h=131368 maxcos=0.5074168067
lse h=197052 maxcos=0.5074091500
final N=605 best maxcos=0.507409149951
