loaded 604 points, maxcos 0.500000000000000 (496,500)
inserted point at hole with maxcos 0.624555
riesz warmup maxcos=0.51567716
lse h=200 maxcos=0.5267969639
lse h=300 maxcos=0.5218695606
lse h=450 maxcos=0.5186532950
lse h=675 maxcos=0.5164539685
lse h=1012 maxcos=0.5150000201
lse h=1519 maxcos=0.5140137279
lse h=2278 maxcos=0.5133521268
lse h=3417 maxcos=0.5129127306
lse h=5126 maxcos=0.5126202597
lse h=7689 maxcos=0.5124255693
lse h=11533 maxcos=0.5122957559
lse h=17300 maxcos=0.5122090021
lse h=25949 maxcos=0.5121509864
lse h=38924 maxcos=0.5121120579
lse h=58386 maxcos=0.5120861103
lse h=87579 maxcos=0.5120689715
lse h=131368 maxcos=0.5120575896
lse h=197052 maxcos=0.5120499314
final N=605 best maxcos=0.512049931447
