loaded 604 points, maxcos 0.500000000000000 (596,602)
inserted point at hole with maxcos 0.583229
riesz warmup maxcos=0.51359669
lse h=200 maxcos=0.5231688626
lse h=300 maxcos=0.5191705039
lse h=450 maxcos=0.5161962995
lse h=675 maxcos=0.5142600767
lse h=1012 maxcos=0.5130107337
lse h=1519 maxcos=0.5121874162
lse h=2278 maxcos=0.5116700211
lse h=3417 maxcos=0.5113340433
lse h=5126 maxcos=0.5111084767
lse h=7689 maxcos=0.5109571644
lse h=11533 maxcos=0.5108552264
lse h=17300 maxcos=0.5107894180
lse h=25949 maxcos=0.5107454235
lse h=38924 maxcos=0.5107161133
lse h=58386 maxcos=0.5106966098
lse h=87579 maxcos=0.5106835433
lse h=131368 maxcos=0.5106748033
lse h=197052 maxcos=0.5106689852
final N=605 best maxcos=0.510668985221
