loaded 604 points, maxcos 0.500000000000000 (593,602)
inserted point at hole with maxcos 0.631799
riesz warmup maxcos=0.51585525
lse h=200 maxcos=0.5270030954
lse h=300 maxcos=0.5220368549
lse h=450 maxcos=0.5187771909
lse h=675 maxcos=0.5165213121
lse h=1012 maxcos=0.5150685672
lse h=1519 maxcos=0.5141133994
lse h=2278 maxcos=0.5134471456
lse h=3417 maxcos=0.5130325446
lse h=5126 maxcos=0.5127639198
lse h=7689 maxcos=0.5125877073
lse h=11533 maxcos=0.5124705659
lse h=17300 maxcos=0.5123911406
lse h=25949 maxcos=0.5123386073
lse h=38924 maxcos=0.5123035728
lse h=58386 maxcos=0.5122802965
lse h=87579 maxcos=0.5122647290
lse h=131368 maxcos=0.5122543373
lse h=197052 maxcos=0.5122474392
final N=605 best maxcos=0.512247439238
